Component: ARM Compiler 5.06 update 7 (build 960) Tool: armlink [4d3601]

==============================================================================

Section Cross References

    startup_stm32f407xx.o(STACK) refers (Special) to heapauxi.o(.text) for __use_two_region_memory
    startup_stm32f407xx.o(HEAP) refers (Special) to heapauxi.o(.text) for __use_two_region_memory
    startup_stm32f407xx.o(RESET) refers (Special) to heapauxi.o(.text) for __use_two_region_memory
    startup_stm32f407xx.o(RESET) refers to startup_stm32f407xx.o(STACK) for __initial_sp
    startup_stm32f407xx.o(RESET) refers to startup_stm32f407xx.o(.text) for Reset_Handler
    startup_stm32f407xx.o(RESET) refers to stm32f4xx_it.o(i.NMI_Handler) for NMI_Handler
    startup_stm32f407xx.o(RESET) refers to stm32f4xx_it.o(i.HardFault_Handler) for HardFault_Handler
    startup_stm32f407xx.o(RESET) refers to stm32f4xx_it.o(i.MemManage_Handler) for MemManage_Handler
    startup_stm32f407xx.o(RESET) refers to stm32f4xx_it.o(i.BusFault_Handler) for BusFault_Handler
    startup_stm32f407xx.o(RESET) refers to stm32f4xx_it.o(i.UsageFault_Handler) for UsageFault_Handler
    startup_stm32f407xx.o(RESET) refers to stm32f4xx_it.o(i.SVC_Handler) for SVC_Handler
    startup_stm32f407xx.o(RESET) refers to stm32f4xx_it.o(i.DebugMon_Handler) for DebugMon_Handler
    startup_stm32f407xx.o(RESET) refers to stm32f4xx_it.o(i.PendSV_Handler) for PendSV_Handler
    startup_stm32f407xx.o(RESET) refers to stm32f4xx_it.o(i.SysTick_Handler) for SysTick_Handler
    startup_stm32f407xx.o(RESET) refers to usart.o(i.USART1_IRQHandler) for USART1_IRQHandler
    startup_stm32f407xx.o(.text) refers (Special) to heapauxi.o(.text) for __use_two_region_memory
    startup_stm32f407xx.o(.text) refers to system_stm32f4xx.o(i.SystemInit) for SystemInit
    startup_stm32f407xx.o(.text) refers to __main.o(!!!main) for __main
    startup_stm32f407xx.o(.text) refers to startup_stm32f407xx.o(HEAP) for Heap_Mem
    startup_stm32f407xx.o(.text) refers to startup_stm32f407xx.o(STACK) for Stack_Mem
    main.o(i.main) refers to stm32f4xx_hal.o(i.HAL_Init) for HAL_Init
    main.o(i.main) refers to sys.o(i.sys_stm32_clock_init) for sys_stm32_clock_init
    main.o(i.main) refers to delay.o(i.delay_init) for delay_init
    main.o(i.main) refers to usart.o(i.usart_init) for usart_init
    main.o(i.main) refers to led.o(i.led_init) for led_init
    main.o(i.main) refers to elog.o(i.elog_init) for elog_init
    main.o(i.main) refers to elog.o(i.elog_set_fmt) for elog_set_fmt
    main.o(i.main) refers to elog.o(i.elog_start) for elog_start
    main.o(i.main) refers to segger_rtt.o(i.SEGGER_RTT_ConfigUpBuffer) for SEGGER_RTT_ConfigUpBuffer
    main.o(i.main) refers to segger_rtt.o(i.SEGGER_RTT_ConfigDownBuffer) for SEGGER_RTT_ConfigDownBuffer
    main.o(i.main) refers to stm32f4xx_hal_gpio.o(i.HAL_GPIO_WritePin) for HAL_GPIO_WritePin
    main.o(i.main) refers to elog.o(i.elog_output) for elog_output
    main.o(i.main) refers to delay.o(i.delay_ms) for delay_ms
    main.o(i.main) refers to main.o(.bss) for RTT_BufferUp0
    main.o(i.main) refers to main.o(.constdata) for __FUNCTION__
    system_stm32f4xx.o(i.SystemCoreClockUpdate) refers to system_stm32f4xx.o(.data) for SystemCoreClock
    system_stm32f4xx.o(i.SystemCoreClockUpdate) refers to system_stm32f4xx.o(.constdata) for AHBPrescTable
    stm32f4xx_it.o(i.SysTick_Handler) refers to stm32f4xx_hal.o(i.HAL_IncTick) for HAL_IncTick
    sys.o(i.sys_stm32_clock_init) refers to rt_memclr_w.o(.text) for __aeabi_memclr4
    sys.o(i.sys_stm32_clock_init) refers to stm32f4xx_hal_rcc.o(i.HAL_RCC_OscConfig) for HAL_RCC_OscConfig
    sys.o(i.sys_stm32_clock_init) refers to stm32f4xx_hal_rcc.o(i.HAL_RCC_ClockConfig) for HAL_RCC_ClockConfig
    sys.o(i.sys_stm32_clock_init) refers to stm32f4xx_hal.o(i.HAL_GetREVID) for HAL_GetREVID
    delay.o(i.HAL_Delay) refers to delay.o(i.delay_ms) for delay_ms
    delay.o(i.delay_init) refers to delay.o(.data) for g_fac_us
    delay.o(i.delay_ms) refers to delay.o(i.delay_us) for delay_us
    delay.o(i.delay_us) refers to delay.o(.data) for g_fac_us
    usart.o(.rev16_text) refers (Special) to use_no_semi_2.o(.text) for __use_no_semihosting
    usart.o(.revsh_text) refers (Special) to use_no_semi_2.o(.text) for __use_no_semihosting
    usart.o(.rrx_text) refers (Special) to use_no_semi_2.o(.text) for __use_no_semihosting
    usart.o(i.HAL_UART_MspInit) refers (Special) to use_no_semi_2.o(.text) for __use_no_semihosting
    usart.o(i.HAL_UART_MspInit) refers to stm32f4xx_hal_gpio.o(i.HAL_GPIO_Init) for HAL_GPIO_Init
    usart.o(i.HAL_UART_MspInit) refers to stm32f4xx_hal_cortex.o(i.HAL_NVIC_EnableIRQ) for HAL_NVIC_EnableIRQ
    usart.o(i.HAL_UART_MspInit) refers to stm32f4xx_hal_cortex.o(i.HAL_NVIC_SetPriority) for HAL_NVIC_SetPriority
    usart.o(i.HAL_UART_RxCpltCallback) refers (Special) to use_no_semi_2.o(.text) for __use_no_semihosting
[...]
    UART_EndRxTransfer                       0x0800320d   Thumb Code   108  stm32f4xx_hal_uart.o(i.UART_EndRxTransfer)
    i.UART_EndTransmit_IT                    0x08003278   Section        0  stm32f4xx_hal_uart.o(i.UART_EndTransmit_IT)
    UART_EndTransmit_IT                      0x08003279   Thumb Code    32  stm32f4xx_hal_uart.o(i.UART_EndTransmit_IT)
    i.UART_Receive_IT                        0x08003298   Section        0  stm32f4xx_hal_uart.o(i.UART_Receive_IT)
    UART_Receive_IT                          0x08003299   Thumb Code   248  stm32f4xx_hal_uart.o(i.UART_Receive_IT)
    i.UART_SetConfig                         0x08003390   Section        0  stm32f4xx_hal_uart.o(i.UART_SetConfig)
    UART_SetConfig                           0x08003391   Thumb Code   546  stm32f4xx_hal_uart.o(i.UART_SetConfig)
    i.UART_Start_Receive_IT                  0x080035bc   Section        0  stm32f4xx_hal_uart.o(i.UART_Start_Receive_IT)
    i.UART_Transmit_IT                       0x08003606   Section        0  stm32f4xx_hal_uart.o(i.UART_Transmit_IT)
    UART_Transmit_IT                         0x08003607   Thumb Code    96  stm32f4xx_hal_uart.o(i.UART_Transmit_IT)
    i.USART1_IRQHandler                      0x08003668   Section        0  usart.o(i.USART1_IRQHandler)
    i.UsageFault_Handler                     0x08003678   Section        0  stm32f4xx_it.o(i.UsageFault_Handler)
    i._DoInit                                0x0800367c   Section        0  segger_rtt.o(i._DoInit)
    _DoInit                                  0x0800367d   Thumb Code    82  segger_rtt.o(i._DoInit)
    i._GetAvailWriteSpace                    0x080036ec   Section        0  segger_rtt.o(i._GetAvailWriteSpace)
    _GetAvailWriteSpace                      0x080036ed   Thumb Code    28  segger_rtt.o(i._GetAvailWriteSpace)
    i._WriteBlocking                         0x08003708   Section        0  segger_rtt.o(i._WriteBlocking)
    _WriteBlocking                           0x08003709   Thumb Code   118  segger_rtt.o(i._WriteBlocking)
    i._WriteNoCheck                          0x0800377e   Section        0  segger_rtt.o(i._WriteNoCheck)
    _WriteNoCheck                            0x0800377f   Thumb Code    88  segger_rtt.o(i._WriteNoCheck)
    i.__ARM_fpclassify                       0x080037d6   Section        0  fpclassify.o(i.__ARM_fpclassify)
    i.__NVIC_GetPriorityGrouping             0x08003808   Section        0  stm32f4xx_hal_cortex.o(i.__NVIC_GetPriorityGrouping)
    __NVIC_GetPriorityGrouping               0x08003809   Thumb Code    10  stm32f4xx_hal_cortex.o(i.__NVIC_GetPriorityGrouping)
    i.__NVIC_SetPriority                     0x08003818   Section        0  stm32f4xx_hal_cortex.o(i.__NVIC_SetPriority)
    __NVIC_SetPriority                       0x08003819   Thumb Code    32  stm32f4xx_hal_cortex.o(i.__NVIC_SetPriority)
    i._is_digit                              0x08003840   Section        0  __printf_wp.o(i._is_digit)
    i._sys_exit                              0x0800384e   Section        0  usart.o(i._sys_exit)
    i.delay_init                             0x08003854   Section        0  delay.o(i.delay_init)
    i.delay_ms                               0x08003860   Section        0  delay.o(i.delay_ms)
    i.delay_us                               0x08003874   Section        0  delay.o(i.delay_us)
    i.elog_get_filter_tag_lvl                0x080038bc   Section        0  elog.o(i.elog_get_filter_tag_lvl)
    i.elog_init                              0x080039c8   Section        0  elog.o(i.elog_init)
    i.elog_output                            0x08003a18   Section        0  elog.o(i.elog_output)
    i.elog_output_lock                       0x08003e1c   Section        0  elog.o(i.elog_output_lock)
    i.elog_output_lock_enabled               0x08003e44   Section        0  elog.o(i.elog_output_lock_enabled)
    i.elog_output_unlock                     0x08003e84   Section        0  elog.o(i.elog_output_unlock)
    i.elog_port_get_p_info                   0x08003eac   Section        0  elog_port.o(i.elog_port_get_p_info)
    i.elog_port_get_t_info                   0x08003ebc   Section        0  elog_port.o(i.elog_port_get_t_info)
    i.elog_port_get_time                     0x08003ec8   Section        0  elog_port.o(i.elog_port_get_time)
    i.elog_port_init                         0x08003f40   Section        0  elog_port.o(i.elog_port_init)
    i.elog_port_output                       0x08003f44   Section        0  elog_port.o(i.elog_port_output)
    i.elog_port_output_lock                  0x08003f56   Section        0  elog_port.o(i.elog_port_output_lock)
    i.elog_port_output_unlock                0x08003f5a   Section        0  elog_port.o(i.elog_port_output_unlock)
    i.elog_set_filter_lvl                    0x08003f60   Section        0  elog.o(i.elog_set_filter_lvl)
    i.elog_set_filter_tag_lvl_default        0x0800401c   Section        0  elog.o(i.elog_set_filter_tag_lvl_default)
    elog_set_filter_tag_lvl_default          0x0800401d   Thumb Code    54  elog.o(i.elog_set_filter_tag_lvl_default)
    i.elog_set_fmt                           0x08004058   Section        0  elog.o(i.elog_set_fmt)
    i.elog_set_output_enabled                0x08004118   Section        0  elog.o(i.elog_set_output_enabled)
    i.elog_set_text_color_enabled            0x080041e8   Section        0  elog.o(i.elog_set_text_color_enabled)
    i.elog_start                             0x080042b8   Section        0  elog.o(i.elog_start)
    i.elog_strcpy                            0x08004344   Section        0  elog_utils.o(i.elog_strcpy)
    i.get_fmt_enabled                        0x08004444   Section        0  elog.o(i.get_fmt_enabled)
    get_fmt_enabled                          0x08004445   Thumb Code    90  elog.o(i.get_fmt_enabled)
    i.get_fmt_used_and_enabled_ptr           0x08004510   Section        0  elog.o(i.get_fmt_used_and_enabled_ptr)
    get_fmt_used_and_enabled_ptr             0x08004511   Thumb Code    28  elog.o(i.get_fmt_used_and_enabled_ptr)
    i.get_fmt_used_and_enabled_u32           0x0800452c   Section        0  elog.o(i.get_fmt_used_and_enabled_u32)
    get_fmt_used_and_enabled_u32             0x0800452d   Thumb Code    28  elog.o(i.get_fmt_used_and_enabled_u32)
    i.led_init                               0x08004548   Section        0  led.o(i.led_init)
    i.main                                   0x080045f4   Section        0  main.o(i.main)
    i.sys_stm32_clock_init                   0x08004760   Section        0  sys.o(i.sys_stm32_clock_init)
    i.usart_init                             0x0800483c   Section        0  usart.o(i.usart_init)
    locale$$code                             0x08004874   Section       44  lc_numeric_c.o(locale$$code)
    locale$$code                             0x080048a0   Section       44  lc_ctype_c.o(locale$$code)
    x$fpl$fpinit                             0x080048cc   Section       10  fpinit.o(x$fpl$fpinit)
    $v0                                      0x080048cc   Number         0  fpinit.o(x$fpl$fpinit)
    x$fpl$printf1                            0x080048d6   Section        4  printf1.o(x$fpl$printf1)
    $v0                                      0x080048d6   Number         0  printf1.o(x$fpl$printf1)
    x$fpl$printf2                            0x080048da   Section        4  printf2.o(x$fpl$printf2)
    $v0                                      0x080048da   Number         0  printf2.o(x$fpl$printf2)
    .constdata                               0x080048de   Section        5  main.o(.constdata)
    x$fpl$usenofp                            0x080048de   Section        0  usenofp.o(x$fpl$usenofp)
    __FUNCTION__                             0x080048de   Data           5  main.o(.constdata)
    .constdata                               0x080048e3   Section       24  system_stm32f4xx.o(.constdata)
    .constdata                               0x080048fb   Section       33  segger_rtt.o(.constdata)
    _aTerminalId                             0x080048fb   Data          16  segger_rtt.o(.constdata)
    _aInitStr                                0x0800490b   Data          17  segger_rtt.o(.constdata)
    .constdata                               0x0800491c   Section      226  elog.o(.constdata)
    __FUNCTION__                             0x0800491c   Data          11  elog.o(.constdata)
    __FUNCTION__                             0x08004927   Data          10  elog.o(.constdata)
    __FUNCTION__                             0x08004931   Data          24  elog.o(.constdata)
    __FUNCTION__                             0x08004949   Data          28  elog.o(.constdata)
    __FUNCTION__                             0x08004965   Data          13  elog.o(.constdata)
    __FUNCTION__                             0x08004972   Data          16  elog.o(.constdata)
    __FUNCTION__                             0x08004982   Data          20  elog.o(.constdata)
    __FUNCTION__                             0x08004996   Data          24  elog.o(.constdata)
    __FUNCTION__                             0x080049ae   Data          24  elog.o(.constdata)
    __FUNCTION__                             0x080049c6   Data          12  elog.o(.constdata)
    __FUNCTION__                             0x080049d2   Data          16  elog.o(.constdata)
    __FUNCTION__                             0x080049e2   Data          14  elog.o(.constdata)
    __FUNCTION__                             0x080049f0   Data          14  elog.o(.constdata)
    .constdata                               0x080049fe   Section       35  elog_utils.o(.constdata)
    __FUNCTION__                             0x080049fe   Data          12  elog_utils.o(.constdata)
    __FUNCTION__                             0x08004a0a   Data          11  elog_utils.o(.constdata)
    __FUNCTION__                             0x08004a15   Data          12  elog_utils.o(.constdata)
    .constdata                               0x08004a21   Section       40  _printf_hex_int_ll_ptr.o(.constdata)
    uc_hextab                                0x08004a21   Data          20  _printf_hex_int_ll_ptr.o(.constdata)
    lc_hextab                                0x08004a35   Data          20  _printf_hex_int_ll_ptr.o(.constdata)
    .constdata                               0x08004a49   Section       17  __printf_flags_ss_wp.o(.constdata)
    maptable                                 0x08004a49   Data          17  __printf_flags_ss_wp.o(.constdata)
    .constdata                               0x08004a5c   Section        8  _printf_wctomb.o(.constdata)
    initial_mbstate                          0x08004a5c   Data           8  _printf_wctomb.o(.constdata)
    .constdata                               0x08004a64   Section       38  _printf_fp_hex.o(.constdata)
    lc_hextab                                0x08004a64   Data          19  _printf_fp_hex.o(.constdata)
    uc_hextab                                0x08004a77   Data          19  _printf_fp_hex.o(.constdata)
    .constdata                               0x08004a8c   Section      148  bigflt0.o(.constdata)
    tenpwrs_x                                0x08004a8c   Data          60  bigflt0.o(.constdata)
    tenpwrs_i                                0x08004ac8   Data          64  bigflt0.o(.constdata)
    .conststring                             0x08004b20   Section       71  elog.o(.conststring)
    locale$$data                             0x08004b88   Section       28  lc_numeric_c.o(locale$$data)
    __lcnum_c_name                           0x08004b8c   Data           2  lc_numeric_c.o(locale$$data)
    __lcnum_c_start                          0x08004b94   Data           0  lc_numeric_c.o(locale$$data)
    __lcnum_c_point                          0x08004ba0   Data           0  lc_numeric_c.o(locale$$data)
    __lcnum_c_thousands                      0x08004ba2   Data           0  lc_numeric_c.o(locale$$data)
    __lcnum_c_grouping                       0x08004ba3   Data           0  lc_numeric_c.o(locale$$data)
    locale$$data                             0x08004ba4   Section      272  lc_ctype_c.o(locale$$data)
    __lcnum_c_end                            0x08004ba4   Data           0  lc_numeric_c.o(locale$$data)
    __lcctype_c_name                         0x08004ba8   Data           2  lc_ctype_c.o(locale$$data)
    __lcctype_c_start                        0x08004bb0   Data           0  lc_ctype_c.o(locale$$data)
    __lcctype_c_end                          0x08004cb4   Data           0  lc_ctype_c.o(locale$$data)
    .data                                    0x20000000   Section        4  system_stm32f4xx.o(.data)
    .data                                    0x20000004   Section        4  delay.o(.data)
    g_fac_us                                 0x20000004   Data           4  delay.o(.data)
    .data                                    0x20000008   Section        7  usart.o(.data)
    .data                                    0x20000010   Section        9  stm32f4xx_hal.o(.data)
    .data                                    0x2000001c   Section       52  elog.o(.data)
    level_output_info                        0x2000001c   Data          24  elog.o(.data)
    color_output_info                        0x20000034   Data          24  elog.o(.data)
    .bss                                     0x20000050   Section     1040  main.o(.bss)
    .bss                                     0x20000460   Section      268  usart.o(.bss)
    .bss                                     0x2000056c   Section     1208  segger_rtt.o(.bss)
    _acUpBuffer                              0x20000614   Data        1024  segger_rtt.o(.bss)
    _acDownBuffer                            0x20000a14   Data          16  segger_rtt.o(.bss)
    .bss                                     0x20000a24   Section      376  elog.o(.bss)
    elog                                     0x20000a24   Data         248  elog.o(.bss)
    log_buf                                  0x20000b1c   Data         128  elog.o(.bss)
    .bss                                     0x20000b9c   Section       16  elog_port.o(.bss)
    time_buffer                              0x20000b9c   Data          16  elog_port.o(.bss)
    .bss                                     0x20000bac   Section       96  libspace.o(.bss)
    HEAP                                     0x20000c10   Section      512  startup_stm32f407xx.o(HEAP)
    Heap_Mem                                 0x20000c10   Data         512  startup_stm32f407xx.o(HEAP)
    STACK                                    0x20000e10   Section     1024  startup_stm32f407xx.o(STACK)
    Stack_Mem                                0x20000e10   Data        1024  startup_stm32f407xx.o(STACK)
    __initial_sp                             0x20001210   Data           0  startup_stm32f407xx.o(STACK)

    Global Symbols

    Symbol Name                              Value     Ov Type        Size  Object(Section)

    BuildAttributes$$THM_ISAv4$E$P$D$K$B$S$7EM$VFPi3$EXTD16$VFPS$VFMA$PE$A:L22UL41UL21$X:L11$S22US41US21$IEEE1$IW$USESV6$~STKCKD$USESV7$~SHL$OTIME$ROPI$IEEEJ$EBA8$UX$STANDARDLIB$REQ8$PRES8$EABIv2 0x00000000   Number         0  anon$$obj.o ABSOLUTE
    __ARM_use_no_argv                        0x00000000   Number         0  main.o ABSOLUTE
    _printf_flags                            0x00000000   Number         0  printf_stubs.o ABSOLUTE
    _printf_return_value                     0x00000000   Number         0  printf_stubs.o ABSOLUTE
    _printf_sizespec                         0x00000000   Number         0  printf_stubs.o ABSOLUTE
    _printf_widthprec                        0x00000000   Number         0  printf_stubs.o ABSOLUTE
    __ARM_exceptions_init                     - Undefined Weak Reference
    __alloca_initialize                       - Undefined Weak Reference
    __arm_fini_                               - Undefined Weak Reference
    __arm_preinit_                            - Undefined Weak Reference
    __cpp_initialize__aeabi_                  - Undefined Weak Reference
    __cxa_finalize                            - Undefined Weak Reference
    __sigvec_lookup                           - Undefined Weak Reference
    _atexit_init                              - Undefined Weak Reference
    _call_atexit_fns                          - Undefined Weak Reference
    _clock_init                               - Undefined Weak Reference
    _fp_trap_init                             - Undefined Weak Reference
    _fp_trap_shutdown                         - Undefined Weak Reference
    _get_lc_collate                           - Undefined Weak Reference
    _get_lc_monetary                          - Undefined Weak Reference
    _get_lc_time                              - Undefined Weak Reference
    _getenv_init                              - Undefined Weak Reference
    _handle_redirection                       - Undefined Weak Reference
    _init_alloc                               - Undefined Weak Reference
    _init_user_alloc                          - Undefined Weak Reference
    _initio                                   - Undefined Weak Reference
    _printf_mbtowc                            - Undefined Weak Reference
    _printf_wc                                - Undefined Weak Reference
    _rand_init                                - Undefined Weak Reference
    _signal_finish                            - Undefined Weak Reference
    _signal_init                              - Undefined Weak Reference
    _terminate_alloc                          - Undefined Weak Reference
    _terminate_user_alloc                     - Undefined Weak Reference
    _terminateio                              - Undefined Weak Reference
    __Vectors_Size                           0x00000188   Number         0  startup_stm32f407xx.o ABSOLUTE
    __Vectors                                0x08000000   Data           4  startup_stm32f407xx.o(RESET)
    __Vectors_End                            0x08000188   Data           0  startup_stm32f407xx.o(RESET)
    __main                                   0x08000189   Thumb Code     8  __main.o(!!!main)
    __scatterload                            0x08000191   Thumb Code     0  __scatter.o(!!!scatter)
    __scatterload_rt2                        0x08000191   Thumb Code    44  __scatter.o(!!!scatter)
    __scatterload_rt2_thumb_only             0x08000191   Thumb Code     0  __scatter.o(!!!scatter)
    __scatterload_null                       0x0800019f   Thumb Code     0  __scatter.o(!!!scatter)
    __scatterload_copy                       0x080001c5   Thumb Code    26  __scatter_copy.o(!!handler_copy)
    __scatterload_zeroinit                   0x080001e1   Thumb Code    28  __scatter_zi.o(!!handler_zi)
    _printf_n                                0x080001fd   Thumb Code     0  _printf_n.o(.ARM.Collect$$_printf_percent$$00000001)
    _printf_percent                          0x080001fd   Thumb Code     0  _printf_percent.o(.ARM.Collect$$_printf_percent$$00000000)
    _printf_p                                0x08000203   Thumb Code     0  _printf_p.o(.ARM.Collect$$_printf_percent$$00000002)
    _printf_f                                0x08000209   Thumb Code     0  _printf_f.o(.ARM.Collect$$_printf_percent$$00000003)
    _printf_e                                0x0800020f   Thumb Code     0  _printf_e.o(.ARM.Collect$$_printf_percent$$00000004)
    _printf_g                                0x08000215   Thumb Code     0  _printf_g.o(.ARM.Collect$$_printf_percent$$00000005)
    _printf_a                                0x0800021b   Thumb Code     0  _printf_a.o(.ARM.Collect$$_printf_percent$$00000006)
    _printf_ll                               0x08000221   Thumb Code     0  _printf_ll.o(.ARM.Collect$$_printf_percent$$00000007)
    _printf_i                                0x0800022b   Thumb Code     0  _printf_i.o(.ARM.Collect$$_printf_percent$$00000008)
    _printf_d                                0x08000231   Thumb Code     0  _printf_d.o(.ARM.Collect$$_printf_percent$$00000009)
    _printf_u                                0x08000237   Thumb Code     0  _printf_u.o(.ARM.Collect$$_printf_percent$$0000000A)
    _printf_o                                0x0800023d   Thumb Code     0  _printf_o.o(.ARM.Collect$$_printf_percent$$0000000B)
    _printf_x                                0x08000243   Thumb Code     0  _printf_x.o(.ARM.Collect$$_printf_percent$$0000000C)
    _printf_lli                              0x08000249   Thumb Code     0  _printf_lli.o(.ARM.Collect$$_printf_percent$$0000000D)
    _printf_lld                              0x0800024f   Thumb Code     0  _printf_lld.o(.ARM.Collect$$_printf_percent$$0000000E)
    _printf_llu                              0x08000255   Thumb Code     0  _printf_llu.o(.ARM.Collect$$_printf_percent$$0000000F)
    _printf_llo                              0x0800025b   Thumb Code     0  _printf_llo.o(.ARM.Collect$$_printf_percent$$00000010)
    _printf_llx                              0x08000261   Thumb Code     0  _printf_llx.o(.ARM.Collect$$_printf_percent$$00000011)
    _printf_l                                0x08000267   Thumb Code     0  _printf_l.o(.ARM.Collect$$_printf_percent$$00000012)
    _printf_c                                0x08000271   Thumb Code     0  _printf_c.o(.ARM.Collect$$_printf_percent$$00000013)
    _printf_s                                0x08000277   Thumb Code     0  _printf_s.o(.ARM.Collect$$_printf_percent$$00000014)
    _printf_lc                               0x0800027d   Thumb Code     0  _printf_lc.o(.ARM.Collect$$_printf_percent$$00000015)
    _printf_ls                               0x08000283   Thumb Code     0  _printf_ls.o(.ARM.Collect$$_printf_percent$$00000016)
    _printf_percent_end                      0x08000289   Thumb Code     0  _printf_percent_end.o(.ARM.Collect$$_printf_percent$$00000017)
    __rt_lib_init                            0x0800028d   Thumb Code     0  libinit.o(.ARM.Collect$$libinit$$00000000)
    __rt_lib_init_fp_1                       0x0800028f   Thumb Code     0  libinit2.o(.ARM.Collect$$libinit$$00000001)
    __rt_lib_init_heap_1                     0x08000293   Thumb Code     0  libinit2.o(.ARM.Collect$$libinit$$0000000A)
    __rt_lib_init_lc_common                  0x08000293   Thumb Code     0  libinit2.o(.ARM.Collect$$libinit$$0000000F)
    __rt_lib_init_preinit_1                  0x08000293   Thumb Code     0  libinit2.o(.ARM.Collect$$libinit$$00000004)
    __rt_lib_init_rand_1                     0x08000293   Thumb Code     0  libinit2.o(.ARM.Collect$$libinit$$0000000E)
    __rt_lib_init_user_alloc_1               0x08000293   Thumb Code     0  libinit2.o(.ARM.Collect$$libinit$$0000000C)
    __rt_lib_init_lc_collate_1               0x08000299   Thumb Code     0  libinit2.o(.ARM.Collect$$libinit$$00000011)
    __rt_lib_init_lc_ctype_2                 0x08000299   Thumb Code     0  libinit2.o(.ARM.Collect$$libinit$$00000012)
    __rt_lib_init_lc_ctype_1                 0x080002a5   Thumb Code     0  libinit2.o(.ARM.Collect$$libinit$$00000013)
    __rt_lib_init_lc_monetary_1              0x080002a5   Thumb Code     0  libinit2.o(.ARM.Collect$$libinit$$00000015)
    __rt_lib_init_lc_numeric_2               0x080002a5   Thumb Code     0  libinit2.o(.ARM.Collect$$libinit$$00000016)
    __rt_lib_init_alloca_1                   0x080002af   Thumb Code     0  libinit2.o(.ARM.Collect$$libinit$$0000002E)
    __rt_lib_init_argv_1                     0x080002af   Thumb Code     0  libinit2.o(.ARM.Collect$$libinit$$0000002C)
    __rt_lib_init_atexit_1                   0x080002af   Thumb Code     0  libinit2.o(.ARM.Collect$$libinit$$0000001B)
    __rt_lib_init_clock_1                    0x080002af   Thumb Code     0  libinit2.o(.ARM.Collect$$libinit$$00000021)
    __rt_lib_init_cpp_1                      0x080002af   Thumb Code     0  libinit2.o(.ARM.Collect$$libinit$$00000032)
    __rt_lib_init_exceptions_1               0x080002af   Thumb Code     0  libinit2.o(.ARM.Collect$$libinit$$00000030)
    __rt_lib_init_fp_trap_1                  0x080002af   Thumb Code     0  libinit2.o(.ARM.Collect$$libinit$$0000001F)
    __rt_lib_init_getenv_1                   0x080002af   Thumb Code     0  libinit2.o(.ARM.Collect$$libinit$$00000023)
    __rt_lib_init_lc_numeric_1               0x080002af   Thumb Code     0  libinit2.o(.ARM.Collect$$libinit$$00000017)
    __rt_lib_init_lc_time_1                  0x080002af   Thumb Code     0  libinit2.o(.ARM.Collect$$libinit$$00000019)
    __rt_lib_init_return                     0x080002af   Thumb Code     0  libinit2.o(.ARM.Collect$$libinit$$00000033)
    __rt_lib_init_signal_1                   0x080002af   Thumb Code     0  libinit2.o(.ARM.Collect$$libinit$$0000001D)
    __rt_lib_init_stdio_1                    0x080002af   Thumb Code     0  libinit2.o(.ARM.Collect$$libinit$$00000025)
    __rt_lib_shutdown                        0x080002b1   Thumb Code     0  libshutdown.o(.ARM.Collect$$libshutdown$$00000000)
    __rt_lib_shutdown_cpp_1                  0x080002b3   Thumb Code     0  libshutdown2.o(.ARM.Collect$$libshutdown$$00000004)
    __rt_lib_shutdown_fini_1                 0x080002b3   Thumb Code     0  libshutdown2.o(.ARM.Collect$$libshutdown$$00000002)
    __rt_lib_shutdown_fp_trap_1              0x080002b3   Thumb Code     0  libshutdown2.o(.ARM.Collect$$libshutdown$$00000009)
    __rt_lib_shutdown_heap_1                 0x080002b3   Thumb Code     0  libshutdown2.o(.ARM.Collect$$libshutdown$$00000011)
    __rt_lib_shutdown_return                 0x080002b3   Thumb Code     0  libshutdown2.o(.ARM.Collect$$libshutdown$$00000012)
    __rt_lib_shutdown_signal_1               0x080002b3   Thumb Code     0  libshutdown2.o(.ARM.Collect$$libshutdown$$0000000C)
    __rt_lib_shutdown_stdio_1                0x080002b3   Thumb Code     0  libshutdown2.o(.ARM.Collect$$libshutdown$$00000006)
    __rt_lib_shutdown_user_alloc_1           0x080002b3   Thumb Code     0  libshutdown2.o(.ARM.Collect$$libshutdown$$0000000E)
    __rt_entry                               0x080002b5   Thumb Code     0  __rtentry.o(.ARM.Collect$$rtentry$$00000000)
    __rt_entry_presh_1                       0x080002b5   Thumb Code     0  __rtentry2.o(.ARM.Collect$$rtentry$$00000002)
    __rt_entry_sh                            0x080002b5   Thumb Code     0  __rtentry4.o(.ARM.Collect$$rtentry$$00000004)
    __rt_entry_li                            0x080002bb   Thumb Code     0  __rtentry2.o(.ARM.Collect$$rtentry$$0000000A)
    __rt_entry_postsh_1                      0x080002bb   Thumb Code     0  __rtentry2.o(.ARM.Collect$$rtentry$$00000009)
    __rt_entry_main                          0x080002bf   Thumb Code     0  __rtentry2.o(.ARM.Collect$$rtentry$$0000000D)
    __rt_entry_postli_1                      0x080002bf   Thumb Code     0  __rtentry2.o(.ARM.Collect$$rtentry$$0000000C)
    __rt_exit                                0x080002c7   Thumb Code     0  rtexit.o(.ARM.Collect$$rtexit$$00000000)
    __rt_exit_ls                             0x080002c9   Thumb Code     0  rtexit2.o(.ARM.Collect$$rtexit$$00000003)
    __rt_exit_prels_1                        0x080002c9   Thumb Code     0  rtexit2.o(.ARM.Collect$$rtexit$$00000002)
    __rt_exit_exit                           0x080002cd   Thumb Code     0  rtexit2.o(.ARM.Collect$$rtexit$$00000004)
    Reset_Handler                            0x080002d5   Thumb Code     8  startup_stm32f407xx.o(.text)
    ADC_IRQHandler                           0x080002ef   Thumb Code     0  startup_stm32f407xx.o(.text)
    CAN1_RX0_IRQHandler                      0x080002ef   Thumb Code     0  startup_stm32f407xx.o(.text)
    CAN1_RX1_IRQHandler                      0x080002ef   Thumb Code     0  startup_stm32f407xx.o(.text)
    CAN1_SCE_IRQHandler                      0x080002ef   Thumb Code     0  startup_stm32f407xx.o(.text)
    CAN1_TX_IRQHandler                       0x080002ef   Thumb Code     0  startup_stm32f407xx.o(.text)
    CAN2_RX0_IRQHandler                      0x080002ef   Thumb Code     0  startup_stm32f407xx.o(.text)
    CAN2_RX1_IRQHandler                      0x080002ef   Thumb Code     0  startup_stm32f407xx.o(.text)
    CAN2_SCE_IRQHandler                      0x080002ef   Thumb Code     0  startup_stm32f407xx.o(.text)
    CAN2_TX_IRQHandler                       0x080002ef   Thumb Code     0  startup_stm32f407xx.o(.text)
    DCMI_IRQHandler                          0x080002ef   Thumb Code     0  startup_stm32f407xx.o(.text)
    DMA1_Stream0_IRQHandler                  0x080002ef   Thumb Code     0  startup_stm32f407xx.o(.text)
    DMA1_Stream1_IRQHandler                  0x080002ef   Thumb Code     0  startup_stm32f407xx.o(.text)
    DMA1_Stream2_IRQHandler                  0x080002ef   Thumb Code     0  startup_stm32f407xx.o(.text)
    DMA1_Stream3_IRQHandler                  0x080002ef   Thumb Code     0  startup_stm32f407xx.o(.text)
    DMA1_Stream4_IRQHandler                  0x080002ef   Thumb Code     0  startup_stm32f407xx.o(.text)
    DMA1_Stream5_IRQHandler                  0x080002ef   Thumb Code     0  startup_stm32f407xx.o(.text)
    DMA1_Stream6_IRQHandler                  0x080002ef   Thumb Code     0  startup_stm32f407xx.o(.text)
    DMA1_Stream7_IRQHandler                  0x080002ef   Thumb Code     0  startup_stm32f407xx.o(.text)
    DMA2_Stream0_IRQHandler                  0x080002ef   Thumb Code     0  startup_stm32f407xx.o(.text)
    DMA2_Stream1_IRQHandler                  0x080002ef   Thumb Code     0  startup_stm32f407xx.o(.text)
    DMA2_Stream2_IRQHandler                  0x080002ef   Thumb Code     0  startup_stm32f407xx.o(.text)
    DMA2_Stream3_IRQHandler                  0x080002ef   Thumb Code     0  startup_stm32f407xx.o(.text)
    DMA2_Stream4_IRQHandler                  0x080002ef   Thumb Code     0  startup_stm32f407xx.o(.text)
    DMA2_Stream5_IRQHandler                  0x080002ef   Thumb Code     0  startup_stm32f407xx.o(.text)
    DMA2_Stream6_IRQHandler                  0x080002ef   Thumb Code     0  startup_stm32f407xx.o(.text)
    DMA2_Stream7_IRQHandler                  0x080002ef   Thumb Code     0  startup_stm32f407xx.o(.text)
    ETH_IRQHandler                           0x080002ef   Thumb Code     0  startup_stm32f407xx.o(.text)
    ETH_WKUP_IRQHandler                      0x080002ef   Thumb Code     0  startup_stm32f407xx.o(.text)
    EXTI0_IRQHandler                         0x080002ef   Thumb Code     0  startup_stm32f407xx.o(.text)
    EXTI15_10_IRQHandler                     0x080002ef   Thumb Code     0  startup_stm32f407xx.o(.text)
    EXTI1_IRQHandler                         0x080002ef   Thumb Code     0  startup_stm32f407xx.o(.text)
    EXTI2_IRQHandler                         0x080002ef   Thumb Code     0  startup_stm32f407xx.o(.text)
    EXTI3_IRQHandler                         0x080002ef   Thumb Code     0  startup_stm32f407xx.o(.text)
    EXTI4_IRQHandler                         0x080002ef   Thumb Code     0  startup_stm32f407xx.o(.text)
    EXTI9_5_IRQHandler                       0x080002ef   Thumb Code     0  startup_stm32f407xx.o(.text)
    FLASH_IRQHandler                         0x080002ef   Thumb Code     0  startup_stm32f407xx.o(.text)
    FMC_IRQHandler                           0x080002ef   Thumb Code     0  startup_stm32f407xx.o(.text)
    FPU_IRQHandler                           0x080002ef   Thumb Code     0  startup_stm32f407xx.o(.text)
    HASH_RNG_IRQHandler                      0x080002ef   Thumb Code     0  startup_stm32f407xx.o(.text)
    I2C1_ER_IRQHandler                       0x080002ef   Thumb Code     0  startup_stm32f407xx.o(.text)
    I2C1_EV_IRQHandler                       0x080002ef   Thumb Code     0  startup_stm32f407xx.o(.text)
    I2C2_ER_IRQHandler                       0x080002ef   Thumb Code     0  startup_stm32f407xx.o(.text)
    I2C2_EV_IRQHandler                       0x080002ef   Thumb Code     0  startup_stm32f407xx.o(.text)
    I2C3_ER_IRQHandler                       0x080002ef   Thumb Code     0  startup_stm32f407xx.o(.text)
    I2C3_EV_IRQHandler                       0x080002ef   Thumb Code     0  startup_stm32f407xx.o(.text)
    OTG_FS_IRQHandler                        0x080002ef   Thumb Code     0  startup_stm32f407xx.o(.text)
    OTG_FS_WKUP_IRQHandler                   0x080002ef   Thumb Code     0  startup_stm32f407xx.o(.text)
    OTG_HS_EP1_IN_IRQHandler                 0x080002ef   Thumb Code     0  startup_stm32f407xx.o(.text)
    OTG_HS_EP1_OUT_IRQHandler                0x080002ef   Thumb Code     0  startup_stm32f407xx.o(.text)
    OTG_HS_IRQHandler                        0x080002ef   Thumb Code     0  startup_stm32f407xx.o(.text)
    OTG_HS_WKUP_IRQHandler                   0x080002ef   Thumb Code     0  startup_stm32f407xx.o(.text)
    PVD_IRQHandler                           0x080002ef   Thumb Code     0  startup_stm32f407xx.o(.text)
    RCC_IRQHandler                           0x080002ef   Thumb Code     0  startup_stm32f407xx.o(.text)
    RTC_Alarm_IRQHandler                     0x080002ef   Thumb Code     0  startup_stm32f407xx.o(.text)
    RTC_WKUP_IRQHandler                      0x080002ef   Thumb Code     0  startup_stm32f407xx.o(.text)
    SDIO_IRQHandler                          0x080002ef   Thumb Code     0  startup_stm32f407xx.o(.text)
    SPI1_IRQHandler                          0x080002ef   Thumb Code     0  startup_stm32f407xx.o(.text)
    SPI2_IRQHandler                          0x080002ef   Thumb Code     0  startup_stm32f407xx.o(.text)
    SPI3_IRQHandler                          0x080002ef   Thumb Code     0  startup_stm32f407xx.o(.text)
    TAMP_STAMP_IRQHandler                    0x080002ef   Thumb Code     0  startup_stm32f407xx.o(.text)
    TIM1_BRK_TIM9_IRQHandler                 0x080002ef   Thumb Code     0  startup_stm32f407xx.o(.text)
    TIM1_CC_IRQHandler                       0x080002ef   Thumb Code     0  startup_stm32f407xx.o(.text)
    TIM1_TRG_COM_TIM11_IRQHandler            0x080002ef   Thumb Code     0  startup_stm32f407xx.o(.text)
    TIM1_UP_TIM10_IRQHandler                 0x080002ef   Thumb Code     0  startup_stm32f407xx.o(.text)
    TIM2_IRQHandler                          0x080002ef   Thumb Code     0  startup_stm32f407xx.o(.text)
    TIM3_IRQHandler                          0x080002ef   Thumb Code     0  startup_stm32f407xx.o(.text)
    TIM4_IRQHandler                          0x080002ef   Thumb Code     0  startup_stm32f407xx.o(.text)
    TIM5_IRQHandler                          0x080002ef   Thumb Code     0  startup_stm32f407xx.o(.text)
    TIM6_DAC_IRQHandler                      0x080002ef   Thumb Code     0  startup_stm32f407xx.o(.text)
    TIM7_IRQHandler                          0x080002ef   Thumb Code     0  startup_stm32f407xx.o(.text)
    TIM8_BRK_TIM12_IRQHandler                0x080002ef   Thumb Code     0  startup_stm32f407xx.o(.text)
    TIM8_CC_IRQHandler                       0x080002ef   Thumb Code     0  startup_stm32f407xx.o(.text)
    TIM8_TRG_COM_TIM14_IRQHandler            0x080002ef   Thumb Code     0  startup_stm32f407xx.o(.text)
    TIM8_UP_TIM13_IRQHandler                 0x080002ef   Thumb Code     0  startup_stm32f407xx.o(.text)
    UART4_IRQHandler                         0x080002ef   Thumb Code     0  startup_stm32f407xx.o(.text)
    UART5_IRQHandler                         0x080002ef   Thumb Code     0  startup_stm32f407xx.o(.text)
    USART2_IRQHandler                        0x080002ef   Thumb Code     0  startup_stm32f407xx.o(.text)
    USART3_IRQHandler                        0x080002ef   Thumb Code     0  startup_stm32f407xx.o(.text)
    USART6_IRQHandler                        0x080002ef   Thumb Code     0  startup_stm32f407xx.o(.text)
    WWDG_IRQHandler                          0x080002ef   Thumb Code     0  startup_stm32f407xx.o(.text)
    __user_initial_stackheap                 0x080002f1   Thumb Code     0  startup_stm32f407xx.o(.text)
    __use_no_semihosting                     0x08000315   Thumb Code     2  use_no_semi_2.o(.text)
    __aeabi_uldivmod                         0x08000317   Thumb Code     0  lludivv7m.o(.text)
    _ll_udiv                                 0x08000317   Thumb Code   238  lludivv7m.o(.text)
    vsnprintf                                0x08000405   Thumb Code    48  vsnprintf.o(.text)
    __2snprintf                              0x08000439   Thumb Code    50  __2snprintf.o(.text)
    _printf_pre_padding                      0x08000471   Thumb Code    44  _printf_pad.o(.text)
    _printf_post_padding                     0x0800049d   Thumb Code    34  _printf_pad.o(.text)
    _printf_str                              0x080004bf   Thumb Code    82  _printf_str.o(.text)
    _printf_int_dec                          0x08000511   Thumb Code   104  _printf_dec.o(.text)
    _printf_longlong_hex                     0x08000589   Thumb Code    86  _printf_hex_int_ll_ptr.o(.text)
    _printf_int_hex                          0x080005df   Thumb Code    28  _printf_hex_int_ll_ptr.o(.text)
    _printf_ll_hex                           0x080005fb   Thumb Code    12  _printf_hex_int_ll_ptr.o(.text)
    _printf_hex_ptr                          0x08000607   Thumb Code    18  _printf_hex_int_ll_ptr.o(.text)
    __printf                                 0x0800061d   Thumb Code   388  __printf_flags_ss_wp.o(.text)
    strstr                                   0x080007a5   Thumb Code    36  strstr.o(.text)
    strlen                                   0x080007c9   Thumb Code    62  strlen.o(.text)
    strncmp                                  0x08000807   Thumb Code   150  strncmp.o(.text)
    __aeabi_memcpy                           0x0800089d   Thumb Code     0  rt_memcpy_v6.o(.text)
    __rt_memcpy                              0x0800089d   Thumb Code   138  rt_memcpy_v6.o(.text)
    _memcpy_lastbytes                        0x08000903   Thumb Code     0  rt_memcpy_v6.o(.text)
    __aeabi_memset                           0x08000927   Thumb Code    16  aeabi_memset.o(.text)
    __aeabi_memclr                           0x08000937   Thumb Code     0  rt_memclr.o(.text)
    __rt_memclr                              0x08000937   Thumb Code    68  rt_memclr.o(.text)
    _memset                                  0x0800093b   Thumb Code     0  rt_memclr.o(.text)
    __aeabi_memclr4                          0x0800097b   Thumb Code     0  rt_memclr_w.o(.text)
    __aeabi_memclr8                          0x0800097b   Thumb Code     0  rt_memclr_w.o(.text)
    __rt_memclr_w                            0x0800097b   Thumb Code    78  rt_memclr_w.o(.text)
    _memset_w                                0x0800097f   Thumb Code     0  rt_memclr_w.o(.text)
    __use_two_region_memory                  0x080009c9   Thumb Code     2  heapauxi.o(.text)
    __rt_heap_escrow$2region                 0x080009cb   Thumb Code     2  heapauxi.o(.text)
    __rt_heap_expand$2region                 0x080009cd   Thumb Code     2  heapauxi.o(.text)
    __semihosting$guard                      0x080009cf   Thumb Code     0  use_no_semi.o(.text)
    __use_no_semihosting_swi                 0x080009cf   Thumb Code     2  use_no_semi.o(.text)
    _printf_truncate_signed                  0x080009d1   Thumb Code    18  _printf_truncate.o(.text)
    _printf_truncate_unsigned                0x080009e3   Thumb Code    18  _printf_truncate.o(.text)
    _printf_int_common                       0x080009f5   Thumb Code   178  _printf_intcommon.o(.text)
    _printf_charcount                        0x08000aa7   Thumb Code    40  _printf_charcount.o(.text)
    _printf_char_common                      0x08000adb   Thumb Code    32  _printf_char_common.o(.text)
    _sputc                                   0x08000b01   Thumb Code    10  _sputc.o(.text)
    _snputc                                  0x08000b0b   Thumb Code    16  _snputc.o(.text)
    _printf_cs_common                        0x08000b1b   Thumb Code    20  _printf_char.o(.text)
    _printf_char                             0x08000b2f   Thumb Code    16  _printf_char.o(.text)
    _printf_string                           0x08000b3f   Thumb Code     8  _printf_char.o(.text)
    _printf_wctomb                           0x08000b49   Thumb Code   182  _printf_wctomb.o(.text)
    _printf_longlong_dec                     0x08000c05   Thumb Code   108  _printf_longlong_dec.o(.text)
    _printf_longlong_oct                     0x08000c81   Thumb Code    66  _printf_oct_int_ll.o(.text)
    _printf_int_oct                          0x08000cc3   Thumb Code    24  _printf_oct_int_ll.o(.text)
    _printf_ll_oct                           0x08000cdb   Thumb Code    12  _printf_oct_int_ll.o(.text)
    __aeabi_memcpy4                          0x08000cf1   Thumb Code     0  rt_memcpy_w.o(.text)
    __aeabi_memcpy8                          0x08000cf1   Thumb Code     0  rt_memcpy_w.o(.text)
    __rt_memcpy_w                            0x08000cf1   Thumb Code   100  rt_memcpy_w.o(.text)
    _memcpy_lastbytes_aligned                0x08000d39   Thumb Code     0  rt_memcpy_w.o(.text)
    _ll_udiv10                               0x08000d55   Thumb Code   138  lludiv10.o(.text)
    __lib_sel_fp_printf                      0x08000ddf   Thumb Code     2  _printf_fp_dec.o(.text)
    _printf_fp_dec_real                      0x08000f91   Thumb Code   620  _printf_fp_dec.o(.text)
    _printf_fp_hex_real                      0x080011fd   Thumb Code   756  _printf_fp_hex.o(.text)
    _printf_lcs_common                       0x080014f9   Thumb Code    20  _printf_wchar.o(.text)
    _printf_wchar                            0x0800150d   Thumb Code    16  _printf_wchar.o(.text)
    _printf_wstring                          0x0800151d   Thumb Code     8  _printf_wchar.o(.text)
    _wcrtomb                                 0x08001525   Thumb Code    64  _wcrtomb.o(.text)
    __user_setup_stackheap                   0x08001565   Thumb Code    74  sys_stackheap_outer.o(.text)
    __rt_ctype_table                         0x080015b1   Thumb Code    16  rt_ctype_table.o(.text)
    __rt_locale                              0x080015c1   Thumb Code     8  rt_locale_intlibspace.o(.text)
    _printf_fp_infnan                        0x080015c9   Thumb Code   112  _printf_fp_infnan.o(.text)
    _btod_etento                             0x08001649   Thumb Code   224  bigflt0.o(.text)
    exit                                     0x0800172d   Thumb Code    18  exit.o(.text)
    __user_libspace                          0x08001741   Thumb Code     8  libspace.o(.text)
    __user_perproc_libspace                  0x08001741   Thumb Code     0  libspace.o(.text)
    __user_perthread_libspace                0x08001741   Thumb Code     0  libspace.o(.text)
    strcmp                                   0x08001749   Thumb Code   128  strcmpv7m.o(.text)
    _btod_d2e                                0x080017c9   Thumb Code    62  btod.o(CL$$btod_d2e)
    _d2e_denorm_low                          0x08001807   Thumb Code    70  btod.o(CL$$btod_d2e_denorm_low)
    _d2e_norm_op1                            0x0800184d   Thumb Code    96  btod.o(CL$$btod_d2e_norm_op1)
    __btod_div_common                        0x080018ad   Thumb Code   696  btod.o(CL$$btod_div_common)
    _e2e                                     0x08001be5   Thumb Code   220  btod.o(CL$$btod_e2e)
    _btod_ediv                               0x08001cc1   Thumb Code    42  btod.o(CL$$btod_ediv)
    _btod_emul                               0x08001ceb   Thumb Code    42  btod.o(CL$$btod_emul)
    __btod_mult_common                       0x08001d15   Thumb Code   580  btod.o(CL$$btod_mult_common)
    BusFault_Handler                         0x08001f59   Thumb Code     4  stm32f4xx_it.o(i.BusFault_Handler)
    DebugMon_Handler                         0x08001f5d   Thumb Code     2  stm32f4xx_it.o(i.DebugMon_Handler)
    HAL_DMA_Abort                            0x08001f5f   Thumb Code   172  stm32f4xx_hal_dma.o(i.HAL_DMA_Abort)
    HAL_DMA_Abort_IT                         0x0800200b   Thumb Code    40  stm32f4xx_hal_dma.o(i.HAL_DMA_Abort_IT)
    HAL_GPIO_Init                            0x08002035   Thumb Code   454  stm32f4xx_hal_gpio.o(i.HAL_GPIO_Init)
    HAL_GPIO_WritePin                        0x08002229   Thumb Code    12  stm32f4xx_hal_gpio.o(i.HAL_GPIO_WritePin)
    HAL_GetREVID                             0x08002235   Thumb Code     8  stm32f4xx_hal.o(i.HAL_GetREVID)
    HAL_GetTick                              0x08002241   Thumb Code     6  stm32f4xx_hal.o(i.HAL_GetTick)
    HAL_IncTick                              0x0800224d   Thumb Code    16  stm32f4xx_hal.o(i.HAL_IncTick)
    HAL_Init                                 0x08002265   Thumb Code    54  stm32f4xx_hal.o(i.HAL_Init)
    HAL_InitTick                             0x080022a1   Thumb Code    64  stm32f4xx_hal.o(i.HAL_InitTick)
    HAL_MspInit                              0x080022ed   Thumb Code     2  stm32f4xx_hal.o(i.HAL_MspInit)
    HAL_NVIC_EnableIRQ                       0x080022ef   Thumb Code    32  stm32f4xx_hal_cortex.o(i.HAL_NVIC_EnableIRQ)
    HAL_NVIC_SetPriority                     0x0800230f   Thumb Code   124  stm32f4xx_hal_cortex.o(i.HAL_NVIC_SetPriority)
    HAL_NVIC_SetPriorityGrouping             0x0800238d   Thumb Code    32  stm32f4xx_hal_cortex.o(i.HAL_NVIC_SetPriorityGrouping)
    HAL_RCC_ClockConfig                      0x080023b5   Thumb Code   368  stm32f4xx_hal_rcc.o(i.HAL_RCC_ClockConfig)
    HAL_RCC_GetHCLKFreq                      0x08002539   Thumb Code     6  stm32f4xx_hal_rcc.o(i.HAL_RCC_GetHCLKFreq)
    HAL_RCC_GetPCLK1Freq                     0x08002545   Thumb Code    22  stm32f4xx_hal_rcc.o(i.HAL_RCC_GetPCLK1Freq)
    HAL_RCC_GetPCLK2Freq                     0x08002565   Thumb Code    22  stm32f4xx_hal_rcc.o(i.HAL_RCC_GetPCLK2Freq)
    HAL_RCC_GetSysClockFreq                  0x08002585   Thumb Code   162  stm32f4xx_hal_rcc.o(i.HAL_RCC_GetSysClockFreq)
    HAL_RCC_OscConfig                        0x08002635   Thumb Code  1172  stm32f4xx_hal_rcc.o(i.HAL_RCC_OscConfig)
    HAL_SYSTICK_Config                       0x08002ad1   Thumb Code    52  stm32f4xx_hal_cortex.o(i.HAL_SYSTICK_Config)
    HAL_UARTEx_RxEventCallback               0x08002b05   Thumb Code     2  stm32f4xx_hal_uart.o(i.HAL_UARTEx_RxEventCallback)
    HAL_UART_ErrorCallback                   0x08002b07   Thumb Code     2  stm32f4xx_hal_uart.o(i.HAL_UART_ErrorCallback)
    HAL_UART_IRQHandler                      0x08002b09   Thumb Code   732  stm32f4xx_hal_uart.o(i.HAL_UART_IRQHandler)
    HAL_UART_Init                            0x08002de9   Thumb Code   114  stm32f4xx_hal_uart.o(i.HAL_UART_Init)
    HAL_UART_MspInit                         0x08002e5d   Thumb Code   190  usart.o(i.HAL_UART_MspInit)
    HAL_UART_Receive_IT                      0x08002f29   Thumb Code    66  stm32f4xx_hal_uart.o(i.HAL_UART_Receive_IT)
    HAL_UART_RxCpltCallback                  0x08002f6d   Thumb Code   134  usart.o(i.HAL_UART_RxCpltCallback)
    HAL_UART_TxCpltCallback                  0x08003009   Thumb Code     2  stm32f4xx_hal_uart.o(i.HAL_UART_TxCpltCallback)
    HardFault_Handler                        0x0800300b   Thumb Code     4  stm32f4xx_it.o(i.HardFault_Handler)
    MemManage_Handler                        0x0800300f   Thumb Code     4  stm32f4xx_it.o(i.MemManage_Handler)
    NMI_Handler                              0x08003013   Thumb Code     2  stm32f4xx_it.o(i.NMI_Handler)
    PendSV_Handler                           0x08003015   Thumb Code     2  stm32f4xx_it.o(i.PendSV_Handler)
    SEGGER_RTT_ConfigDownBuffer              0x08003019   Thumb Code   114  segger_rtt.o(i.SEGGER_RTT_ConfigDownBuffer)
    SEGGER_RTT_ConfigUpBuffer                0x08003091   Thumb Code   114  segger_rtt.o(i.SEGGER_RTT_ConfigUpBuffer)
    SEGGER_RTT_Write                         0x08003109   Thumb Code    70  segger_rtt.o(i.SEGGER_RTT_Write)
    SEGGER_RTT_WriteNoLock                   0x08003155   Thumb Code   126  segger_rtt.o(i.SEGGER_RTT_WriteNoLock)
    SVC_Handler                              0x080031d9   Thumb Code     2  stm32f4xx_it.o(i.SVC_Handler)
    SysTick_Handler                          0x080031db   Thumb Code     8  stm32f4xx_it.o(i.SysTick_Handler)
    SystemInit                               0x080031e5   Thumb Code    14  system_stm32f4xx.o(i.SystemInit)
    UART_Start_Receive_IT                    0x080035bd   Thumb Code    74  stm32f4xx_hal_uart.o(i.UART_Start_Receive_IT)
    USART1_IRQHandler                        0x08003669   Thumb Code    10  usart.o(i.USART1_IRQHandler)
    UsageFault_Handler                       0x08003679   Thumb Code     4  stm32f4xx_it.o(i.UsageFault_Handler)
    __ARM_fpclassify                         0x080037d7   Thumb Code    48  fpclassify.o(i.__ARM_fpclassify)
    _is_digit                                0x08003841   Thumb Code    14  __printf_wp.o(i._is_digit)
    _sys_exit                                0x0800384f   Thumb Code     4  usart.o(i._sys_exit)
    delay_init                               0x08003855   Thumb Code     6  delay.o(i.delay_init)
    delay_ms                                 0x08003861   Thumb Code    18  delay.o(i.delay_ms)
    delay_us                                 0x08003875   Thumb Code    68  delay.o(i.delay_us)
    elog_get_filter_tag_lvl                  0x080038bd   Thumb Code   164  elog.o(i.elog_get_filter_tag_lvl)
    elog_init                                0x080039c9   Thumb Code    76  elog.o(i.elog_init)
    elog_output                              0x08003a19   Thumb Code   858  elog.o(i.elog_output)
    elog_output_lock                         0x08003e1d   Thumb Code    34  elog.o(i.elog_output_lock)
    elog_output_lock_enabled                 0x08003e45   Thumb Code    60  elog.o(i.elog_output_lock_enabled)
    elog_output_unlock                       0x08003e85   Thumb Code    34  elog.o(i.elog_output_unlock)
    elog_port_get_p_info                     0x08003ead   Thumb Code     4  elog_port.o(i.elog_port_get_p_info)
    elog_port_get_t_info                     0x08003ebd   Thumb Code     4  elog_port.o(i.elog_port_get_t_info)
    elog_port_get_time                       0x08003ec9   Thumb Code    92  elog_port.o(i.elog_port_get_time)
    elog_port_init                           0x08003f41   Thumb Code     4  elog_port.o(i.elog_port_init)
    elog_port_output                         0x08003f45   Thumb Code    18  elog_port.o(i.elog_port_output)
    elog_port_output_lock                    0x08003f57   Thumb Code     4  elog_port.o(i.elog_port_output_lock)
    elog_port_output_unlock                  0x08003f5b   Thumb Code     4  elog_port.o(i.elog_port_output_unlock)
    elog_set_filter_lvl                      0x08003f61   Thumb Code    76  elog.o(i.elog_set_filter_lvl)
    elog_set_fmt                             0x08004059   Thumb Code    80  elog.o(i.elog_set_fmt)
    elog_set_output_enabled                  0x08004119   Thumb Code    82  elog.o(i.elog_set_output_enabled)
    elog_set_text_color_enabled              0x080041e9   Thumb Code    82  elog.o(i.elog_set_text_color_enabled)
    elog_start                               0x080042b9   Thumb Code    46  elog.o(i.elog_start)
    elog_strcpy                              0x08004345   Thumb Code   160  elog_utils.o(i.elog_strcpy)
    led_init                                 0x08004549   Thumb Code   164  led.o(i.led_init)
    main                                     0x080045f5   Thumb Code   286  main.o(i.main)
    sys_stm32_clock_init                     0x08004761   Thumb Code   208  sys.o(i.sys_stm32_clock_init)
    usart_init                               0x0800483d   Thumb Code    44  usart.o(i.usart_init)
    _get_lc_numeric                          0x08004875   Thumb Code    44  lc_numeric_c.o(locale$$code)
    _get_lc_ctype                            0x080048a1   Thumb Code    44  lc_ctype_c.o(locale$$code)
    _fp_init                                 0x080048cd   Thumb Code    10  fpinit.o(x$fpl$fpinit)
    __fplib_config_fpu_vfp                   0x080048d5   Thumb Code     0  fpinit.o(x$fpl$fpinit)
    __fplib_config_pureend_doubles           0x080048d5   Thumb Code     0  fpinit.o(x$fpl$fpinit)
    _printf_fp_dec                           0x080048d7   Thumb Code     4  printf1.o(x$fpl$printf1)
    _printf_fp_hex                           0x080048db   Thumb Code     4  printf2.o(x$fpl$printf2)
    __I$use$fp                               0x080048de   Number         0  usenofp.o(x$fpl$usenofp)
    AHBPrescTable                            0x080048e3   Data          16  system_stm32f4xx.o(.constdata)
    APBPrescTable                            0x080048f3   Data           8  system_stm32f4xx.o(.constdata)
    Region$$Table$$Base                      0x08004b68   Number         0  anon$$obj.o(Region$$Table)
    Region$$Table$$Limit                     0x08004b88   Number         0  anon$$obj.o(Region$$Table)
    __ctype                                  0x08004bb1   Data           0  lc_ctype_c.o(locale$$data)
    SystemCoreClock                          0x20000000   Data           4  system_stm32f4xx.o(.data)
    __stdout                                 0x20000008   Data           4  usart.o(.data)
    g_usart_rx_sta                           0x2000000c   Data           2  usart.o(.data)
    g_rx_buffer                              0x2000000e   Data           1  usart.o(.data)
    uwTick                                   0x20000010   Data           4  stm32f4xx_hal.o(.data)
    uwTickPrio                               0x20000014   Data           4  stm32f4xx_hal.o(.data)
    uwTickFreq                               0x20000018   Data           1  stm32f4xx_hal.o(.data)
    elog_assert_hook                         0x2000004c   Data           4  elog.o(.data)
    RTT_BufferUp0                            0x20000050   Data        1024  main.o(.bss)
    RTT_BufferDown0                          0x20000450   Data          16  main.o(.bss)
    g_usart_rx_buf                           0x20000460   Data         200  usart.o(.bss)
    g_uart1_handle                           0x20000528   Data          68  usart.o(.bss)
    _SEGGER_RTT                              0x2000056c   Data         168  segger_rtt.o(.bss)
    __libspace_start                         0x20000bac   Data          96  libspace.o(.bss)
    __temporary_stack_top$libspace           0x20000c0c   Data           0  libspace.o(.bss)



==============================================================================

Memory Map of the image

  Image Entry point : 0x08000189

  Load Region LR_IROM1 (Base: 0x08000000, Size: 0x00004d04, Max: 0x00100000, ABSOLUTE)

    Execution Region ER_IROM1 (Exec base: 0x08000000, Load base: 0x08000000, Size: 0x00004cb4, Max: 0x00100000, ABSOLUTE)

    Exec Addr    Load Addr    Size         Type   Attr      Idx    E Section Name        Object

    0x08000000   0x08000000   0x00000188   Data   RO            3    RESET               startup_stm32f407xx.o
    0x08000188   0x08000188   0x00000008   Code   RO         2270  * !!!main             c_w.l(__main.o)
    0x08000190   0x08000190   0x00000034   Code   RO         2546    !!!scatter          c_w.l(__scatter.o)
    0x080001c4   0x080001c4   0x0000001a   Code   RO         2548    !!handler_copy      c_w.l(__scatter_copy.o)
    0x080001de   0x080001de   0x00000002   PAD
    0x080001e0   0x080001e0   0x0000001c   Code   RO         2550    !!handler_zi        c_w.l(__scatter_zi.o)
    0x080001fc   0x080001fc   0x00000000   Code   RO         2249    .ARM.Collect$$_printf_percent$$00000000  c_w.l(_printf_percent.o)
    0x080001fc   0x080001fc   0x00000006   Code   RO         2304    .ARM.Collect$$_printf_percent$$00000001  c_w.l(_printf_n.o)
    0x08000202   0x08000202   0x00000006   Code   RO         2305    .ARM.Collect$$_printf_percent$$00000002  c_w.l(_printf_p.o)
    0x08000208   0x08000208   0x00000006   Code   RO         2309    .ARM.Collect$$_printf_percent$$00000003  c_w.l(_printf_f.o)
    0x0800020e   0x0800020e   0x00000006   Code   RO         2310    .ARM.Collect$$_printf_percent$$00000004  c_w.l(_printf_e.o)
    0x08000214   0x08000214   0x00000006   Code   RO         2311    .ARM.Collect$$_printf_percent$$00000005  c_w.l(_printf_g.o)
    0x0800021a   0x0800021a   0x00000006   Code   RO         2312    .ARM.Collect$$_printf_percent$$00000006  c_w.l(_printf_a.o)
    0x08000220   0x08000220   0x0000000a   Code   RO         2317    .ARM.Collect$$_printf_percent$$00000007  c_w.l(_printf_ll.o)
    0x0800022a   0x0800022a   0x00000006   Code   RO         2307    .ARM.Collect$$_printf_percent$$00000008  c_w.l(_printf_i.o)
    0x08000230   0x08000230   0x00000006   Code   RO         2248    .ARM.Collect$$_printf_percent$$00000009  c_w.l(_printf_d.o)
    0x08000236   0x08000236   0x00000006   Code   RO         2308    .ARM.Collect$$_printf_percent$$0000000A  c_w.l(_printf_u.o)
    0x0800023c   0x0800023c   0x00000006   Code   RO         2306    .ARM.Collect$$_printf_percent$$0000000B  c_w.l(_printf_o.o)
    0x08000242   0x08000242   0x00000006   Code   RO         2247    .ARM.Collect$$_printf_percent$$0000000C  c_w.l(_printf_x.o)
    0x08000248   0x08000248   0x00000006   Code   RO         2314    .ARM.Collect$$_printf_percent$$0000000D  c_w.l(_printf_lli.o)
    0x0800024e   0x0800024e   0x00000006   Code   RO         2315    .ARM.Collect$$_printf_percent$$0000000E  c_w.l(_printf_lld.o)
    0x08000254   0x08000254   0x00000006   Code   RO         2316    .ARM.Collect$$_printf_percent$$0000000F  c_w.l(_printf_llu.o)
    0x0800025a   0x0800025a   0x00000006   Code   RO         2321    .ARM.Collect$$_printf_percent$$00000010  c_w.l(_printf_llo.o)
    0x08000260   0x08000260   0x00000006   Code   RO         2322    .ARM.Collect$$_printf_percent$$00000011  c_w.l(_printf_llx.o)
    0x08000266   0x08000266   0x0000000a   Code   RO         2318    .ARM.Collect$$_printf_percent$$00000012  c_w.l(_printf_l.o)
    0x08000270   0x08000270   0x00000006   Code   RO         2245    .ARM.Collect$$_printf_percent$$00000013  c_w.l(_printf_c.o)
    0x08000276   0x08000276   0x00000006   Code   RO         2246    .ARM.Collect$$_printf_percent$$00000014  c_w.l(_printf_s.o)
    0x0800027c   0x0800027c   0x00000006   Code   RO         2319    .ARM.Collect$$_printf_percent$$00000015  c_w.l(_printf_lc.o)
    0x08000282   0x08000282   0x00000006   Code   RO         2320    .ARM.Collect$$_printf_percent$$00000016  c_w.l(_printf_ls.o)
    0x08000288   0x08000288   0x00000004   Code   RO         2313    .ARM.Collect$$_printf_percent$$00000017  c_w.l(_printf_percent_end.o)
    0x0800028c   0x0800028c   0x00000002   Code   RO         2413    .ARM.Collect$$libinit$$00000000  c_w.l(libinit.o)
    0x0800028e   0x0800028e   0x00000004   Code   RO         2435    .ARM.Collect$$libinit$$00000001  c_w.l(libinit2.o)
    0x08000292   0x08000292   0x00000000   Code   RO         2438    .ARM.Collect$$libinit$$00000004  c_w.l(libinit2.o)
    0x08000292   0x08000292   0x00000000   Code   RO         2441    .ARM.Collect$$libinit$$0000000A  c_w.l(libinit2.o)
    0x08000292   0x08000292   0x00000000   Code   RO         2443    .ARM.Collect$$libinit$$0000000C  c_w.l(libinit2.o)
    0x08000292   0x08000292   0x00000000   Code   RO         2445    .ARM.Collect$$libinit$$0000000E  c_w.l(libinit2.o)
    0x08000292   0x08000292   0x00000006   Code   RO         2446    .ARM.Collect$$libinit$$0000000F  c_w.l(libinit2.o)
    0x08000298   0x08000298   0x00000000   Code   RO         2448    .ARM.Collect$$libinit$$00000011  c_w.l(libinit2.o)
    0x08000298   0x08000298   0x0000000c   Code   RO         2449    .ARM.Collect$$libinit$$00000012  c_w.l(libinit2.o)
    0x080002a4   0x080002a4   0x00000000   Code   RO         2450    .ARM.Collect$$libinit$$00000013  c_w.l(libinit2.o)
    0x080002a4   0x080002a4   0x00000000   Code   RO         2452    .ARM.Collect$$libinit$$00000015  c_w.l(libinit2.o)
    0x080002a4   0x080002a4   0x0000000a   Code   RO         2453    .ARM.Collect$$libinit$$00000016  c_w.l(libinit2.o)
    0x080002ae   0x080002ae   0x00000000   Code   RO         2454    .ARM.Collect$$libinit$$00000017  c_w.l(libinit2.o)
    0x080002ae   0x080002ae   0x00000000   Code   RO         2456    .ARM.Collect$$libinit$$00000019  c_w.l(libinit2.o)
    0x080002ae   0x080002ae   0x00000000   Code   RO         2458    .ARM.Collect$$libinit$$0000001B  c_w.l(libinit2.o)
    0x080002ae   0x080002ae   0x00000000   Code   RO         2460    .ARM.Collect$$libinit$$0000001D  c_w.l(libinit2.o)
    0x080002ae   0x080002ae   0x00000000   Code   RO         2462    .ARM.Collect$$libinit$$0000001F  c_w.l(libinit2.o)
    0x080002ae   0x080002ae   0x00000000   Code   RO         2464    .ARM.Collect$$libinit$$00000021  c_w.l(libinit2.o)
    0x080002ae   0x080002ae   0x00000000   Code   RO         2466    .ARM.Collect$$libinit$$00000023  c_w.l(libinit2.o)
    0x080002ae   0x080002ae   0x00000000   Code   RO         2468    .ARM.Collect$$libinit$$00000025  c_w.l(libinit2.o)
    0x080002ae   0x080002ae   0x00000000   Code   RO         2472    .ARM.Collect$$libinit$$0000002C  c_w.l(libinit2.o)
    0x080002ae   0x080002ae   0x00000000   Code   RO         2474    .ARM.Collect$$libinit$$0000002E  c_w.l(libinit2.o)
    0x080002ae   0x080002ae   0x00000000   Code   RO         2476    .ARM.Collect$$libinit$$00000030  c_w.l(libinit2.o)
    0x080002ae   0x080002ae   0x00000000   Code   RO         2478    .ARM.Collect$$libinit$$00000032  c_w.l(libinit2.o)
    0x080002ae   0x080002ae   0x00000002   Code   RO         2479    .ARM.Collect$$libinit$$00000033  c_w.l(libinit2.o)
    0x080002b0   0x080002b0   0x00000002   Code   RO         2503    .ARM.Collect$$libshutdown$$00000000  c_w.l(libshutdown.o)
    0x080002b2   0x080002b2   0x00000000   Code   RO         2527    .ARM.Collect$$libshutdown$$00000002  c_w.l(libshutdown2.o)
    0x080002b2   0x080002b2   0x00000000   Code   RO         2529    .ARM.Collect$$libshutdown$$00000004  c_w.l(libshutdown2.o)
    0x080002b2   0x080002b2   0x00000000   Code   RO         2531    .ARM.Collect$$libshutdown$$00000006  c_w.l(libshutdown2.o)
    0x080002b2   0x080002b2   0x00000000   Code   RO         2534    .ARM.Collect$$libshutdown$$00000009  c_w.l(libshutdown2.o)
    0x080002b2   0x080002b2   0x00000000   Code   RO         2537    .ARM.Collect$$libshutdown$$0000000C  c_w.l(libshutdown2.o)
    0x080002b2   0x080002b2   0x00000000   Code   RO         2539    .ARM.Collect$$libshutdown$$0000000E  c_w.l(libshutdown2.o)
    0x080002b2   0x080002b2   0x00000000   Code   RO         2542    .ARM.Collect$$libshutdown$$00000011  c_w.l(libshutdown2.o)
    0x080002b2   0x080002b2   0x00000002   Code   RO         2543    .ARM.Collect$$libshutdown$$00000012  c_w.l(libshutdown2.o)
    0x080002b4   0x080002b4   0x00000000   Code   RO         2274    .ARM.Collect$$rtentry$$00000000  c_w.l(__rtentry.o)
    0x080002b4   0x080002b4   0x00000000   Code   RO         2334    .ARM.Collect$$rtentry$$00000002  c_w.l(__rtentry2.o)
    0x080002b4   0x080002b4   0x00000006   Code   RO         2346    .ARM.Collect$$rtentry$$00000004  c_w.l(__rtentry4.o)
    0x080002ba   0x080002ba   0x00000000   Code   RO         2336    .ARM.Collect$$rtentry$$00000009  c_w.l(__rtentry2.o)
    0x080002ba   0x080002ba   0x00000004   Code   RO         2337    .ARM.Collect$$rtentry$$0000000A  c_w.l(__rtentry2.o)
    0x080002be   0x080002be   0x00000000   Code   RO         2339    .ARM.Collect$$rtentry$$0000000C  c_w.l(__rtentry2.o)
    0x080002be   0x080002be   0x00000008   Code   RO         2340    .ARM.Collect$$rtentry$$0000000D  c_w.l(__rtentry2.o)
    0x080002c6   0x080002c6   0x00000002   Code   RO         2422    .ARM.Collect$$rtexit$$00000000  c_w.l(rtexit.o)
    0x080002c8   0x080002c8   0x00000000   Code   RO         2481    .ARM.Collect$$rtexit$$00000002  c_w.l(rtexit2.o)
    0x080002c8   0x080002c8   0x00000004   Code   RO         2482    .ARM.Collect$$rtexit$$00000003  c_w.l(rtexit2.o)
    0x080002cc   0x080002cc   0x00000006   Code   RO         2483    .ARM.Collect$$rtexit$$00000004  c_w.l(rtexit2.o)
    0x080002d2   0x080002d2   0x00000002   PAD
    0x080002d4   0x080002d4   0x00000040   Code   RO            4    .text               startup_stm32f407xx.o
    0x08000314   0x08000314   0x00000002   Code   RO         2186    .text               c_w.l(use_no_semi_2.o)
    0x08000316   0x08000316   0x000000ee   Code   RO         2188    .text               c_w.l(lludivv7m.o)
    0x08000404   0x08000404   0x00000034   Code   RO         2190    .text               c_w.l(vsnprintf.o)
    0x08000438   0x08000438   0x00000038   Code   RO         2192    .text               c_w.l(__2snprintf.o)
    0x08000470   0x08000470   0x0000004e   Code   RO         2198    .text               c_w.l(_printf_pad.o)
    0x080004be   0x080004be   0x00000052   Code   RO         2200    .text               c_w.l(_printf_str.o)
    0x08000510   0x08000510   0x00000078   Code   RO         2202    .text               c_w.l(_printf_dec.o)
    0x08000588   0x08000588   0x00000094   Code   RO         2222    .text               c_w.l(_printf_hex_int_ll_ptr.o)
    0x0800061c   0x0800061c   0x00000188   Code   RO         2242    .text               c_w.l(__printf_flags_ss_wp.o)
    0x080007a4   0x080007a4   0x00000024   Code   RO         2250    .text               c_w.l(strstr.o)
    0x080007c8   0x080007c8   0x0000003e   Code   RO         2252    .text               c_w.l(strlen.o)
    0x08000806   0x08000806   0x00000096   Code   RO         2256    .text               c_w.l(strncmp.o)
    0x0800089c   0x0800089c   0x0000008a   Code   RO         2258    .text               c_w.l(rt_memcpy_v6.o)
    0x08000926   0x08000926   0x00000010   Code   RO         2260    .text               c_w.l(aeabi_memset.o)
    0x08000936   0x08000936   0x00000044   Code   RO         2262    .text               c_w.l(rt_memclr.o)
    0x0800097a   0x0800097a   0x0000004e   Code   RO         2264    .text               c_w.l(rt_memclr_w.o)
    0x080009c8   0x080009c8   0x00000006   Code   RO         2268    .text               c_w.l(heapauxi.o)
    0x080009ce   0x080009ce   0x00000002   Code   RO         2272    .text               c_w.l(use_no_semi.o)
    0x080009d0   0x080009d0   0x00000024   Code   RO         2279    .text               c_w.l(_printf_truncate.o)
    0x080009f4   0x080009f4   0x000000b2   Code   RO         2281    .text               c_w.l(_printf_intcommon.o)
    0x08000aa6   0x08000aa6   0x00000028   Code   RO         2283    .text               c_w.l(_printf_charcount.o)
    0x08000ace   0x08000ace   0x00000002   PAD
    0x08000ad0   0x08000ad0   0x00000030   Code   RO         2285    .text               c_w.l(_printf_char_common.o)
    0x08000b00   0x08000b00   0x0000000a   Code   RO         2287    .text               c_w.l(_sputc.o)
    0x08000b0a   0x08000b0a   0x00000010   Code   RO         2289    .text               c_w.l(_snputc.o)
    0x08000b1a   0x08000b1a   0x0000002c   Code   RO         2291    .text               c_w.l(_printf_char.o)
    0x08000b46   0x08000b46   0x00000002   PAD
    0x08000b48   0x08000b48   0x000000bc   Code   RO         2293    .text               c_w.l(_printf_wctomb.o)
    0x08000c04   0x08000c04   0x0000007c   Code   RO         2296    .text               c_w.l(_printf_longlong_dec.o)
    0x08000c80   0x08000c80   0x00000070   Code   RO         2302    .text               c_w.l(_printf_oct_int_ll.o)
    0x08000cf0   0x08000cf0   0x00000064   Code   RO         2323    .text               c_w.l(rt_memcpy_w.o)
    0x08000d54   0x08000d54   0x0000008a   Code   RO         2350    .text               c_w.l(lludiv10.o)
    0x08000dde   0x08000dde   0x0000041e   Code   RO         2352    .text               c_w.l(_printf_fp_dec.o)
    0x080011fc   0x080011fc   0x000002fc   Code   RO         2354    .text               c_w.l(_printf_fp_hex.o)
    0x080014f8   0x080014f8   0x0000002c   Code   RO         2359    .text               c_w.l(_printf_wchar.o)
    0x08001524   0x08001524   0x00000040   Code   RO         2361    .text               c_w.l(_wcrtomb.o)
    0x08001564   0x08001564   0x0000004a   Code   RO         2363    .text               c_w.l(sys_stackheap_outer.o)
    0x080015ae   0x080015ae   0x00000002   PAD
    0x080015b0   0x080015b0   0x00000010   Code   RO         2365    .text               c_w.l(rt_ctype_table.o)
    0x080015c0   0x080015c0   0x00000008   Code   RO         2370    .text               c_w.l(rt_locale_intlibspace.o)
    0x080015c8   0x080015c8   0x00000080   Code   RO         2372    .text               c_w.l(_printf_fp_infnan.o)
    0x08001648   0x08001648   0x000000e4   Code   RO         2374    .text               c_w.l(bigflt0.o)
    0x0800172c   0x0800172c   0x00000012   Code   RO         2402    .text               c_w.l(exit.o)
    0x0800173e   0x0800173e   0x00000002   PAD
    0x08001740   0x08001740   0x00000008   Code   RO         2419    .text               c_w.l(libspace.o)
    0x08001748   0x08001748   0x00000080   Code   RO         2433    .text               c_w.l(strcmpv7m.o)
    0x080017c8   0x080017c8   0x0000003e   Code   RO         2377    CL$$btod_d2e        c_w.l(btod.o)
    0x08001806   0x08001806   0x00000046   Code   RO         2379    CL$$btod_d2e_denorm_low  c_w.l(btod.o)
    0x0800184c   0x0800184c   0x00000060   Code   RO         2378    CL$$btod_d2e_norm_op1  c_w.l(btod.o)
    0x080018ac   0x080018ac   0x00000338   Code   RO         2387    CL$$btod_div_common  c_w.l(btod.o)
    0x08001be4   0x08001be4   0x000000dc   Code   RO         2384    CL$$btod_e2e        c_w.l(btod.o)
    0x08001cc0   0x08001cc0   0x0000002a   Code   RO         2381    CL$$btod_ediv       c_w.l(btod.o)
    0x08001cea   0x08001cea   0x0000002a   Code   RO         2380    CL$$btod_emul       c_w.l(btod.o)
    0x08001d14   0x08001d14   0x00000244   Code   RO         2386    CL$$btod_mult_common  c_w.l(btod.o)
    0x08001f58   0x08001f58   0x00000004   Code   RO          362    i.BusFault_Handler  stm32f4xx_it.o
    0x08001f5c   0x08001f5c   0x00000002   Code   RO          363    i.DebugMon_Handler  stm32f4xx_it.o
    0x08001f5e   0x08001f5e   0x000000ac   Code   RO          960    i.HAL_DMA_Abort     stm32f4xx_hal_dma.o
    0x0800200a   0x0800200a   0x00000028   Code   RO          961    i.HAL_DMA_Abort_IT  stm32f4xx_hal_dma.o
    0x08002032   0x08002032   0x00000002   PAD
    0x08002034   0x08002034   0x000001f4   Code   RO         1066    i.HAL_GPIO_Init     stm32f4xx_hal_gpio.o
    0x08002228   0x08002228   0x0000000c   Code   RO         1070    i.HAL_GPIO_WritePin  stm32f4xx_hal_gpio.o
    0x08002234   0x08002234   0x0000000c   Code   RO          643    i.HAL_GetREVID      stm32f4xx_hal.o
    0x08002240   0x08002240   0x0000000c   Code   RO          644    i.HAL_GetTick       stm32f4xx_hal.o
    0x0800224c   0x0800224c   0x00000018   Code   RO          650    i.HAL_IncTick       stm32f4xx_hal.o
    0x08002264   0x08002264   0x0000003c   Code   RO          651    i.HAL_Init          stm32f4xx_hal.o
    0x080022a0   0x080022a0   0x0000004c   Code   RO          652    i.HAL_InitTick      stm32f4xx_hal.o
    0x080022ec   0x080022ec   0x00000002   Code   RO          654    i.HAL_MspInit       stm32f4xx_hal.o
    0x080022ee   0x080022ee   0x00000020   Code   RO          822    i.HAL_NVIC_EnableIRQ  stm32f4xx_hal_cortex.o
    0x0800230e   0x0800230e   0x0000007c   Code   RO          828    i.HAL_NVIC_SetPriority  stm32f4xx_hal_cortex.o
    0x0800238a   0x0800238a   0x00000002   PAD
    0x0800238c   0x0800238c   0x00000028   Code   RO          829    i.HAL_NVIC_SetPriorityGrouping  stm32f4xx_hal_cortex.o
    0x080023b4   0x080023b4   0x00000184   Code   RO         1130    i.HAL_RCC_ClockConfig  stm32f4xx_hal_rcc.o
    0x08002538   0x08002538   0x0000000c   Code   RO         1135    i.HAL_RCC_GetHCLKFreq  stm32f4xx_hal_rcc.o
    0x08002544   0x08002544   0x00000020   Code   RO         1137    i.HAL_RCC_GetPCLK1Freq  stm32f4xx_hal_rcc.o
    0x08002564   0x08002564   0x00000020   Code   RO         1138    i.HAL_RCC_GetPCLK2Freq  stm32f4xx_hal_rcc.o
    0x08002584   0x08002584   0x000000b0   Code   RO         1139    i.HAL_RCC_GetSysClockFreq  stm32f4xx_hal_rcc.o
    0x08002634   0x08002634   0x0000049c   Code   RO         1142    i.HAL_RCC_OscConfig  stm32f4xx_hal_rcc.o
    0x08002ad0   0x08002ad0   0x00000034   Code   RO          833    i.HAL_SYSTICK_Config  stm32f4xx_hal_cortex.o
    0x08002b04   0x08002b04   0x00000002   Code   RO         1242    i.HAL_UARTEx_RxEventCallback  stm32f4xx_hal_uart.o
    0x08002b06   0x08002b06   0x00000002   Code   RO         1256    i.HAL_UART_ErrorCallback  stm32f4xx_hal_uart.o
    0x08002b08   0x08002b08   0x000002e0   Code   RO         1259    i.HAL_UART_IRQHandler  stm32f4xx_hal_uart.o
    0x08002de8   0x08002de8   0x00000072   Code   RO         1260    i.HAL_UART_Init     stm32f4xx_hal_uart.o
    0x08002e5a   0x08002e5a   0x00000002   PAD
    0x08002e5c   0x08002e5c   0x000000cc   Code   RO          554    i.HAL_UART_MspInit  usart.o
    0x08002f28   0x08002f28   0x00000042   Code   RO         1265    i.HAL_UART_Receive_IT  stm32f4xx_hal_uart.o
    0x08002f6a   0x08002f6a   0x00000002   PAD
    0x08002f6c   0x08002f6c   0x0000009c   Code   RO          555    i.HAL_UART_RxCpltCallback  usart.o
    0x08003008   0x08003008   0x00000002   Code   RO         1271    i.HAL_UART_TxCpltCallback  stm32f4xx_hal_uart.o
    0x0800300a   0x0800300a   0x00000004   Code   RO          364    i.HardFault_Handler  stm32f4xx_it.o
    0x0800300e   0x0800300e   0x00000004   Code   RO          365    i.MemManage_Handler  stm32f4xx_it.o
    0x08003012   0x08003012   0x00000002   Code   RO          366    i.NMI_Handler       stm32f4xx_it.o
    0x08003014   0x08003014   0x00000002   Code   RO          367    i.PendSV_Handler    stm32f4xx_it.o
    0x08003016   0x08003016   0x00000002   PAD
    0x08003018   0x08003018   0x00000078   Code   RO         1621    i.SEGGER_RTT_ConfigDownBuffer  segger_rtt.o
    0x08003090   0x08003090   0x00000078   Code   RO         1622    i.SEGGER_RTT_ConfigUpBuffer  segger_rtt.o
    0x08003108   0x08003108   0x0000004c   Code   RO         1644    i.SEGGER_RTT_Write  segger_rtt.o
    0x08003154   0x08003154   0x00000084   Code   RO         1647    i.SEGGER_RTT_WriteNoLock  segger_rtt.o
    0x080031d8   0x080031d8   0x00000002   Code   RO          368    i.SVC_Handler       stm32f4xx_it.o
    0x080031da   0x080031da   0x00000008   Code   RO          369    i.SysTick_Handler   stm32f4xx_it.o
    0x080031e2   0x080031e2   0x00000002   PAD
    0x080031e4   0x080031e4   0x00000014   Code   RO          326    i.SystemInit        system_stm32f4xx.o
    0x080031f8   0x080031f8   0x00000014   Code   RO         1273    i.UART_DMAAbortOnError  stm32f4xx_hal_uart.o
    0x0800320c   0x0800320c   0x0000006c   Code   RO         1283    i.UART_EndRxTransfer  stm32f4xx_hal_uart.o
    0x08003278   0x08003278   0x00000020   Code   RO         1284    i.UART_EndTransmit_IT  stm32f4xx_hal_uart.o
    0x08003298   0x08003298   0x000000f8   Code   RO         1286    i.UART_Receive_IT   stm32f4xx_hal_uart.o
    0x08003390   0x08003390   0x0000022c   Code   RO         1287    i.UART_SetConfig    stm32f4xx_hal_uart.o
    0x080035bc   0x080035bc   0x0000004a   Code   RO         1289    i.UART_Start_Receive_IT  stm32f4xx_hal_uart.o
    0x08003606   0x08003606   0x00000060   Code   RO         1290    i.UART_Transmit_IT  stm32f4xx_hal_uart.o
    0x08003666   0x08003666   0x00000002   PAD
    0x08003668   0x08003668   0x00000010   Code   RO          556    i.USART1_IRQHandler  usart.o
    0x08003678   0x08003678   0x00000004   Code   RO          370    i.UsageFault_Handler  stm32f4xx_it.o
    0x0800367c   0x0800367c   0x00000070   Code   RO         1651    i._DoInit           segger_rtt.o
    0x080036ec   0x080036ec   0x0000001c   Code   RO         1652    i._GetAvailWriteSpace  segger_rtt.o
    0x08003708   0x08003708   0x00000076   Code   RO         1654    i._WriteBlocking    segger_rtt.o
    0x0800377e   0x0800377e   0x00000058   Code   RO         1655    i._WriteNoCheck     segger_rtt.o
    0x080037d6   0x080037d6   0x00000030   Code   RO         2417    i.__ARM_fpclassify  m_wm.l(fpclassify.o)
    0x08003806   0x08003806   0x00000002   PAD
    0x08003808   0x08003808   0x00000010   Code   RO          835    i.__NVIC_GetPriorityGrouping  stm32f4xx_hal_cortex.o
    0x08003818   0x08003818   0x00000028   Code   RO          836    i.__NVIC_SetPriority  stm32f4xx_hal_cortex.o
    0x08003840   0x08003840   0x0000000e   Code   RO         2235    i._is_digit         c_w.l(__printf_wp.o)
    0x0800384e   0x0800384e   0x00000004   Code   RO          558    i._sys_exit         usart.o
    0x08003852   0x08003852   0x00000002   PAD
    0x08003854   0x08003854   0x0000000c   Code   RO          511    i.delay_init        delay.o
    0x08003860   0x08003860   0x00000012   Code   RO          512    i.delay_ms          delay.o
    0x08003872   0x08003872   0x00000002   PAD
    0x08003874   0x08003874   0x00000048   Code   RO          513    i.delay_us          delay.o
    0x080038bc   0x080038bc   0x0000010c   Code   RO         1898    i.elog_get_filter_tag_lvl  elog.o
    0x080039c8   0x080039c8   0x00000050   Code   RO         1902    i.elog_init         elog.o
    0x08003a18   0x08003a18   0x00000404   Code   RO         1903    i.elog_output       elog.o
    0x08003e1c   0x08003e1c   0x00000028   Code   RO         1904    i.elog_output_lock  elog.o
    0x08003e44   0x08003e44   0x00000040   Code   RO         1905    i.elog_output_lock_enabled  elog.o
    0x08003e84   0x08003e84   0x00000028   Code   RO         1906    i.elog_output_unlock  elog.o
    0x08003eac   0x08003eac   0x00000010   Code   RO         2121    i.elog_port_get_p_info  elog_port.o
    0x08003ebc   0x08003ebc   0x0000000c   Code   RO         2122    i.elog_port_get_t_info  elog_port.o
    0x08003ec8   0x08003ec8   0x00000078   Code   RO         2123    i.elog_port_get_time  elog_port.o
    0x08003f40   0x08003f40   0x00000004   Code   RO         2124    i.elog_port_init    elog_port.o
    0x08003f44   0x08003f44   0x00000012   Code   RO         2125    i.elog_port_output  elog_port.o
    0x08003f56   0x08003f56   0x00000004   Code   RO         2126    i.elog_port_output_lock  elog_port.o
    0x08003f5a   0x08003f5a   0x00000004   Code   RO         2127    i.elog_port_output_unlock  elog_port.o
    0x08003f5e   0x08003f5e   0x00000002   PAD
    0x08003f60   0x08003f60   0x000000bc   Code   RO         1910    i.elog_set_filter_lvl  elog.o
    0x0800401c   0x0800401c   0x0000003c   Code   RO         1913    i.elog_set_filter_tag_lvl_default  elog.o
    0x08004058   0x08004058   0x000000c0   Code   RO         1914    i.elog_set_fmt      elog.o
    0x08004118   0x08004118   0x000000d0   Code   RO         1915    i.elog_set_output_enabled  elog.o
    0x080041e8   0x080041e8   0x000000d0   Code   RO         1916    i.elog_set_text_color_enabled  elog.o
    0x080042b8   0x080042b8   0x0000008c   Code   RO         1917    i.elog_start        elog.o
    0x08004344   0x08004344   0x00000100   Code   RO         2094    i.elog_strcpy       elog_utils.o
    0x08004444   0x08004444   0x000000cc   Code   RO         1919    i.get_fmt_enabled   elog.o
    0x08004510   0x08004510   0x0000001c   Code   RO         1920    i.get_fmt_used_and_enabled_ptr  elog.o
    0x0800452c   0x0800452c   0x0000001c   Code   RO         1921    i.get_fmt_used_and_enabled_u32  elog.o
    0x08004548   0x08004548   0x000000ac   Code   RO         1598    i.led_init          led.o
    0x080045f4   0x080045f4   0x0000016c   Code   RO           13    i.main              main.o
    0x08004760   0x08004760   0x000000dc   Code   RO          443    i.sys_stm32_clock_init  sys.o
    0x0800483c   0x0800483c   0x00000038   Code   RO          561    i.usart_init        usart.o
    0x08004874   0x08004874   0x0000002c   Code   RO         2400    locale$$code        c_w.l(lc_numeric_c.o)
    0x080048a0   0x080048a0   0x0000002c   Code   RO         2427    locale$$code        c_w.l(lc_ctype_c.o)
    0x080048cc   0x080048cc   0x0000000a   Code   RO         2493    x$fpl$fpinit        fz_wm.l(fpinit.o)
    0x080048d6   0x080048d6   0x00000004   Code   RO         2325    x$fpl$printf1       fz_wm.l(printf1.o)
    0x080048da   0x080048da   0x00000004   Code   RO         2327    x$fpl$printf2       fz_wm.l(printf2.o)
    0x080048de   0x080048de   0x00000000   Code   RO         2416    x$fpl$usenofp       fz_wm.l(usenofp.o)
    0x080048de   0x080048de   0x00000005   Data   RO           15    .constdata          main.o
    0x080048e3   0x080048e3   0x00000018   Data   RO          327    .constdata          system_stm32f4xx.o
    0x080048fb   0x080048fb   0x00000021   Data   RO         1657    .constdata          segger_rtt.o
    0x0800491c   0x0800491c   0x000000e2   Data   RO         1923    .constdata          elog.o
    0x080049fe   0x080049fe   0x00000023   Data   RO         2095    .constdata          elog_utils.o
    0x08004a21   0x08004a21   0x00000028   Data   RO         2223    .constdata          c_w.l(_printf_hex_int_ll_ptr.o)
    0x08004a49   0x08004a49   0x00000011   Data   RO         2243    .constdata          c_w.l(__printf_flags_ss_wp.o)
    0x08004a5a   0x08004a5a   0x00000002   PAD
    0x08004a5c   0x08004a5c   0x00000008   Data   RO         2294    .constdata          c_w.l(_printf_wctomb.o)
    0x08004a64   0x08004a64   0x00000026   Data   RO         2355    .constdata          c_w.l(_printf_fp_hex.o)
    0x08004a8a   0x08004a8a   0x00000002   PAD
    0x08004a8c   0x08004a8c   0x00000094   Data   RO         2375    .constdata          c_w.l(bigflt0.o)
    0x08004b20   0x08004b20   0x00000047   Data   RO         1924    .conststring        elog.o
    0x08004b67   0x08004b67   0x00000001   PAD
    0x08004b68   0x08004b68   0x00000020   Data   RO         2544    Region$$Table       anon$$obj.o
    0x08004b88   0x08004b88   0x0000001c   Data   RO         2399    locale$$data        c_w.l(lc_numeric_c.o)
    0x08004ba4   0x08004ba4   0x00000110   Data   RO         2426    locale$$data        c_w.l(lc_ctype_c.o)


    Execution Region RW_IRAM1 (Exec base: 0x20000000, Load base: 0x08004cb4, Size: 0x00001210, Max: 0x00020000, ABSOLUTE)

    Exec Addr    Load Addr    Size         Type   Attr      Idx    E Section Name        Object

    0x20000000   0x08004cb4   0x00000004   Data   RW          328    .data               system_stm32f4xx.o
    0x20000004   0x08004cb8   0x00000004   Data   RW          514    .data               delay.o
    0x20000008   0x08004cbc   0x00000007   Data   RW          563    .data               usart.o
    0x2000000f   0x08004cc3   0x00000001   PAD
    0x20000010   0x08004cc4   0x00000009   Data   RW          658    .data               stm32f4xx_hal.o
    0x20000019   0x08004ccd   0x00000003   PAD
    0x2000001c   0x08004cd0   0x00000034   Data   RW         1925    .data               elog.o
    0x20000050        -       0x00000410   Zero   RW           14    .bss                main.o
    0x20000460        -       0x0000010c   Zero   RW          562    .bss                usart.o
    0x2000056c        -       0x000004b8   Zero   RW         1656    .bss                segger_rtt.o
    0x20000a24        -       0x00000178   Zero   RW         1922    .bss                elog.o
    0x20000b9c        -       0x00000010   Zero   RW         2128    .bss                elog_port.o
    0x20000bac        -       0x00000060   Zero   RW         2420    .bss                c_w.l(libspace.o)
    0x20000c0c   0x08004d04   0x00000004   PAD
    0x20000c10        -       0x00000200   Zero   RW            2    HEAP                startup_stm32f407xx.o
    0x20000e10        -       0x00000400   Zero   RW            1    STACK               startup_stm32f407xx.o


==============================================================================

Image component sizes


      Code (inc. data)   RO Data    RW Data    ZI Data      Debug   Object Name

       102         10          0          4          0       1947   delay.o
      2776        984        297         52        376      18356   elog.o
         0          0          0          0          0       3491   elog_async.o
       178         48          0          0         16       3785   elog_port.o
       256         96         35          0          0       2233   elog_utils.o
       172          8          0          0          0        963   led.o
       364         78          5          0       1040     659719   main.o
       794         54         33          0       1208      11544   segger_rtt.o
        64         26        392          0       1536        972   startup_stm32f407xx.o
       186         36          0          9          0       9858   stm32f4xx_hal.o
       304         22          0          0          0      34527   stm32f4xx_hal_cortex.o
       212          0          0          0          0       1983   stm32f4xx_hal_dma.o
       512         46          0          0          0       2128   stm32f4xx_hal_gpio.o
      1820         84          0          0          0       5676   stm32f4xx_hal_rcc.o
      2056         14          0          0          0      10616   stm32f4xx_hal_uart.o
        32          0          0          0          0       4214   stm32f4xx_it.o
       220         12          0          0          0       1351   sys.o
        20          6         24          4          0       1363   system_stm32f4xx.o
       436         54          0          7        268       5073   usart.o

    ----------------------------------------------------------------------
     10524       1578        819         80       4444     779799   Object Totals
         0          0         32          0          0          0   (incl. Generated)
        20          0          1          4          0          0   (incl. Padding)

    ----------------------------------------------------------------------

      Code (inc. data)   RO Data    RW Data    ZI Data      Debug   Library Member Name

        56          6          0          0          0         88   __2snprintf.o
         8          0          0          0          0         68   __main.o
       392          4         17          0          0         92   __printf_flags_ss_wp.o
        14          0          0          0          0         68   __printf_wp.o
         0          0          0          0          0          0   __rtentry.o
        12          0          0          0          0          0   __rtentry2.o
         6          0          0          0          0          0   __rtentry4.o
        52          8          0          0          0          0   __scatter.o
        26          0          0          0          0          0   __scatter_copy.o
        28          0          0          0          0          0   __scatter_zi.o
         6          0          0          0          0          0   _printf_a.o
         6          0          0          0          0          0   _printf_c.o
        44          0          0          0          0        108   _printf_char.o
        48          6          0          0          0         96   _printf_char_common.o
        40          0          0          0          0         68   _printf_charcount.o
         6          0          0          0          0          0   _printf_d.o
       120         16          0          0          0         92   _printf_dec.o
         6          0          0          0          0          0   _printf_e.o
         6          0          0          0          0          0   _printf_f.o
      1054          0          0          0          0        216   _printf_fp_dec.o
       764          8         38          0          0        100   _printf_fp_hex.o
       128         16          0          0          0         84   _printf_fp_infnan.o
         6          0          0          0          0          0   _printf_g.o
       148          4         40          0          0        160   _printf_hex_int_ll_ptr.o
         6          0          0          0          0          0   _printf_i.o
       178          0          0          0          0         88   _printf_intcommon.o
        10          0          0          0          0          0   _printf_l.o
         6          0          0          0          0          0   _printf_lc.o
        10          0          0          0          0          0   _printf_ll.o
         6          0          0          0          0          0   _printf_lld.o
         6          0          0          0          0          0   _printf_lli.o
         6          0          0          0          0          0   _printf_llo.o
         6          0          0          0          0          0   _printf_llu.o
         6          0          0          0          0          0   _printf_llx.o
       124         16          0          0          0         92   _printf_longlong_dec.o
         6          0          0          0          0          0   _printf_ls.o
         6          0          0          0          0          0   _printf_n.o
         6          0          0          0          0          0   _printf_o.o
       112         10          0          0          0        124   _printf_oct_int_ll.o
         6          0          0          0          0          0   _printf_p.o
        78          0          0          0          0        108   _printf_pad.o
         0          0          0          0          0          0   _printf_percent.o
         4          0          0          0          0          0   _printf_percent_end.o
         6          0          0          0          0          0   _printf_s.o
        82          0          0          0          0         80   _printf_str.o
        36          0          0          0          0         84   _printf_truncate.o
         6          0          0          0          0          0   _printf_u.o
        44          0          0          0          0        108   _printf_wchar.o
       188          6          8          0          0         92   _printf_wctomb.o
         6          0          0          0          0          0   _printf_x.o
        16          0          0          0          0         68   _snputc.o
        10          0          0          0          0         68   _sputc.o
        64          0          0          0          0         92   _wcrtomb.o
        16          0          0          0          0         68   aeabi_memset.o
       228          4        148          0          0         96   bigflt0.o
      1936        128          0          0          0        672   btod.o
        18          0          0          0          0         80   exit.o
         6          0          0          0          0        152   heapauxi.o
        44         10        272          0          0         76   lc_ctype_c.o
        44         10         28          0          0         76   lc_numeric_c.o
         2          0          0          0          0          0   libinit.o
        34          0          0          0          0          0   libinit2.o
         2          0          0          0          0          0   libshutdown.o
         2          0          0          0          0          0   libshutdown2.o
         8          4          0          0         96         68   libspace.o
       138          0          0          0          0         80   lludiv10.o
       238          0          0          0          0        100   lludivv7m.o
        16          4          0          0          0         76   rt_ctype_table.o
         8          4          0          0          0         68   rt_locale_intlibspace.o
        68          0          0          0          0         68   rt_memclr.o
        78          0          0          0          0         80   rt_memclr_w.o
       138          0          0          0          0         68   rt_memcpy_v6.o
       100          0          0          0          0         80   rt_memcpy_w.o
         2          0          0          0          0          0   rtexit.o
        10          0          0          0          0          0   rtexit2.o
       128          0          0          0          0         68   strcmpv7m.o
        62          0          0          0          0         76   strlen.o
       150          0          0          0          0         80   strncmp.o
        36          0          0          0          0         80   strstr.o
        74          0          0          0          0         80   sys_stackheap_outer.o
         2          0          0          0          0         68   use_no_semi.o
         2          0          0          0          0         68   use_no_semi_2.o
        52          4          0          0          0         80   vsnprintf.o
        10          0          0          0          0        116   fpinit.o
         4          0          0          0          0        116   printf1.o
         4          0          0          0          0        116   printf2.o
         0          0          0          0          0          0   usenofp.o
        48          0          0          0          0        124   fpclassify.o

    ----------------------------------------------------------------------
      7738        268        555          0        100       5224   Library Totals
        14          0          4          0          4          0   (incl. Padding)

    ----------------------------------------------------------------------

      Code (inc. data)   RO Data    RW Data    ZI Data      Debug   Library Name

      7658        268        551          0         96       4752   c_w.l
        18          0          0          0          0        348   fz_wm.l
        48          0          0          0          0        124   m_wm.l

    ----------------------------------------------------------------------
      7738        268        555          0        100       5224   Library Totals

    ----------------------------------------------------------------------

==============================================================================


      Code (inc. data)   RO Data    RW Data    ZI Data      Debug   

     18262       1846       1374         80       4544     773971   Grand Totals
     18262       1846       1374         80       4544     773971   ELF Image Totals
     18262       1846       1374         80          0          0   ROM Totals

==============================================================================

    Total RO  Size (Code + RO Data)                19636 (  19.18kB)
    Total RW  Size (RW Data + ZI Data)              4624 (   4.52kB)
    Total ROM Size (Code + RO Data + RW Data)      19716 (  19.25kB)

==============================================================================

